 Image_sfun

 Timestamp is 5ab266b6 (Wed Mar 21 09:05:42 2018)

 Preferred load address is 0000000180000000

 Start         Length     Name                   Class
 0001:00000000 0000d440H .text$mn                CODE
 0001:0000d440 00000012H .text$mn$00             CODE
 0001:0000d452 00000081H .text$x                 CODE
 0002:00000000 00000498H .idata$5                DATA
 0002:00000498 00000010H .00cfg                  DATA
 0002:000004a8 00000008H .CRT$XCA                DATA
 0002:000004b0 00000008H .CRT$XCZ                DATA
 0002:000004b8 00000008H .CRT$XIA                DATA
 0002:000004c0 00000008H .CRT$XIZ                DATA
 0002:000004c8 00000008H .CRT$XPA                DATA
 0002:000004d0 00000008H .CRT$XPZ                DATA
 0002:000004d8 00000008H .CRT$XTA                DATA
 0002:000004e0 00000010H .CRT$XTZ                DATA
 0002:000004f0 00000704H .rdata                  DATA
 0002:00000bf4 0000022cH .rdata$zzzdbg           DATA
 0002:00000e20 00000008H .rtc$IAA                DATA
 0002:00000e28 00000008H .rtc$IZZ                DATA
 0002:00000e30 00000008H .rtc$TAA                DATA
 0002:00000e38 00000008H .rtc$TZZ                DATA
 0002:00000e40 00000880H .xdata                  DATA
 0002:000016c0 00000050H .edata                  DATA
 0002:00001710 000000c8H .idata$2                DATA
 0002:000017d8 00000018H .idata$3                DATA
 0002:000017f0 00000498H .idata$4                DATA
 0002:00001c88 00000d84H .idata$6                DATA
 0003:00000000 000016f0H .data                   DATA
 0003:000016f0 00000700H .bss                    DATA
 0004:00000000 00000a14H .pdata                  DATA
 0005:00000000 00000018H .gfids$y                DATA

  Address         Publics by Value              Rva+Base               Lib:Object

 0000:00000000       ___safe_se_handler_count   0000000000000000     <absolute>
 0000:00000000       __guard_longjmp_count      0000000000000000     <absolute>
 0000:00000000       __guard_fids_count         0000000000000000     <absolute>
 0000:00000000       ___safe_se_handler_table   0000000000000000     <absolute>
 0000:00000000       __dynamic_value_reloc_table 0000000000000000     <absolute>
 0000:00000000       __guard_longjmp_table      0000000000000000     <absolute>
 0000:00000000       __guard_fids_table         0000000000000000     <absolute>
 0000:00000000       __guard_iat_table          0000000000000000     <absolute>
 0000:00000000       __guard_iat_count          0000000000000000     <absolute>
 0000:00000100       __guard_flags              0000000000000100     <absolute>
 0000:00000000       __ImageBase                0000000180000000     <linker-defined>
 0001:00000000       Image_initializer          0000000180001000 f   Image_sfun.obj
 0001:00000010       Image_terminator           0000000180001010 f   Image_sfun.obj
 0001:00000020       load_Image_optimization_info 0000000180001020 f   Image_sfun.obj
 0001:000000d0       unload_Image_optimization_info 00000001800010d0 f   Image_sfun.obj
 0001:00000100       sf_Image_method_dispatcher 0000000180001100 f   Image_sfun.obj
 0001:00000150       sf_Image_process_check_sum_call 0000000180001150 f   Image_sfun.obj
 0001:00000700       sf_Image_autoinheritance_info 0000000180001700 f   Image_sfun.obj
 0001:000008e0       sf_Image_get_eml_resolved_functions_info 00000001800018e0 f   Image_sfun.obj
 0001:00000a60       sf_Image_third_party_uses_info 0000000180001a60 f   Image_sfun.obj
 0001:00000c30       sf_Image_jit_fallback_info 0000000180001c30 f   Image_sfun.obj
 0001:00000e00       sf_Image_updateBuildInfo_args_info 0000000180001e00 f   Image_sfun.obj
 0001:00000fd0       Image_debug_initialize     0000000180001fd0 f   Image_sfun.obj
 0001:00001050       Image_register_exported_symbols 0000000180002050 f   Image_sfun.obj
 0001:00001060       sf_c2_Image_get_eml_resolved_functions_info 0000000180002060 f   c2_Image.obj
 0001:000010e0       sf_c2_Image_get_check_sum  00000001800020e0 f   c2_Image.obj
 0001:000011b0       c2_Image_method_dispatcher 00000001800021b0 f   c2_Image.obj
 0001:000031f0       sf_c2_Image_get_post_codegen_info 00000001800041f0 f   c2_Image.obj
 0001:000032c0       sf_c2_Image_get_autoinheritance_info 00000001800042c0 f   c2_Image.obj
 0001:000037c0       sf_c2_Image_third_party_uses_info 00000001800047c0 f   c2_Image.obj
 0001:000037f0       sf_c2_Image_jit_fallback_info 00000001800047f0 f   c2_Image.obj
 0001:00003980       sf_c2_Image_updateBuildInfo_args_info 0000000180004980 f   c2_Image.obj
 0001:00004580       mexFunction                0000000180005580 f   Image_sfun_registry.obj
 0001:00005950       _ssSetInputPortDirectFeedThroughFcn 0000000180006950 f   Image_sfun_registry.obj
 0001:00005b00       _ssGetInputPortSignalPtrsFcn 0000000180006b00 f   Image_sfun_registry.obj
 0001:00005dd0       _ssGetInputPortSignalFcn   0000000180006dd0 f   Image_sfun_registry.obj
 0001:000060a0       _ssSetInputPortReusableFcn 00000001800070a0 f   Image_sfun_registry.obj
 0001:00006180       _ssSetOutputPortReusableFcn 0000000180007180 f   Image_sfun_registry.obj
 0001:00006260       _ssSetSymbolicDimsSupport  0000000180007260 f   Image_sfun_registry.obj
 0001:000062d0       _ssRegisterSymbolicDimsExpr 00000001800072d0 f   Image_sfun_registry.obj
 0001:00006350       _ssRegisterSymbolicDims    0000000180007350 f   Image_sfun_registry.obj
 0001:000063f0       _ssRegisterSymbolicDimsString 00000001800073f0 f   Image_sfun_registry.obj
 0001:00006470       _ssRegisterSymbolicDimsIntValue 0000000180007470 f   Image_sfun_registry.obj
 0001:000064e0       _ssRegisterSymbolicDimsPlus 00000001800074e0 f   Image_sfun_registry.obj
 0001:00006560       _ssRegisterSymbolicDimsMinus 0000000180007560 f   Image_sfun_registry.obj
 0001:000065e0       _ssRegisterSymbolicDimsMultiply 00000001800075e0 f   Image_sfun_registry.obj
 0001:00006660       _ssRegisterSymbolicDimsDivide 0000000180007660 f   Image_sfun_registry.obj
 0001:000066e0       _ssGetNumSymbolicDims      00000001800076e0 f   Image_sfun_registry.obj
 0001:00006750       _ssGetSymbolicDim          0000000180007750 f   Image_sfun_registry.obj
 0001:000067d0       _ssSetInputPortSymbolicDimsId 00000001800077d0 f   Image_sfun_registry.obj
 0001:00006840       _ssGetCompInputPortSymbolicDimsId 0000000180007840 f   Image_sfun_registry.obj
 0001:000068b0       _ssSetCompInputPortSymbolicDimsId 00000001800078b0 f   Image_sfun_registry.obj
 0001:00006920       _ssSetOutputPortSymbolicDimsId 0000000180007920 f   Image_sfun_registry.obj
 0001:00006990       _ssGetCompOutputPortSymbolicDimsId 0000000180007990 f   Image_sfun_registry.obj
 0001:00006a00       _ssSetCompOutputPortSymbolicDimsId 0000000180007a00 f   Image_sfun_registry.obj
 0001:00006a70       _ssSetCompDWorkSymbolicDimsId 0000000180007a70 f   Image_sfun_registry.obj
 0001:00006ae0       ssGetIsZeroCrossControlDisabled 0000000180007ae0 f   Image_sfun_registry.obj
 0001:00006b50       ssSetIsInputPortUsedForContZcSignal 0000000180007b50 f   Image_sfun_registry.obj
 0001:00006bc0       ssSetZcSignalIsZcElementDisc 0000000180007bc0 f   Image_sfun_registry.obj
 0001:00006c70       ssSetZcSignalName          0000000180007c70 f   Image_sfun_registry.obj
 0001:00006ce0       ssSetZcSignalWidth         0000000180007ce0 f   Image_sfun_registry.obj
 0001:00006d50       ssSetZcSignalZcEventType   0000000180007d50 f   Image_sfun_registry.obj
 0001:00006dc0       ssSetZcSignalType          0000000180007dc0 f   Image_sfun_registry.obj
 0001:00006e30       ssSetZcSignalZcTol         0000000180007e30 f   Image_sfun_registry.obj
 0001:00006ea0       ssSetZcSignalNeedsEventNotification 0000000180007ea0 f   Image_sfun_registry.obj
 0001:00006f10       ssCreateAndAddZcSignalInfo 0000000180007f10 f   Image_sfun_registry.obj
 0001:00006f80       ssCloneAndAddZcSignalInfo  0000000180007f80 f   Image_sfun_registry.obj
 0001:00006ff0       ssGetNumZcSignals          0000000180007ff0 f   Image_sfun_registry.obj
 0001:00007060       ssGetZcSignalVector        0000000180008060 f   Image_sfun_registry.obj
 0001:000070d0       ssGetZcSignalName          00000001800080d0 f   Image_sfun_registry.obj
 0001:00007140       ssGetZcSignalWidth         0000000180008140 f   Image_sfun_registry.obj
 0001:000071b0       ssGetZcSignalZcEventType   00000001800081b0 f   Image_sfun_registry.obj
 0001:00007220       ssGetZcSignalZcEvents      0000000180008220 f   Image_sfun_registry.obj
 0001:00007290       ssGetZcSignalType          0000000180008290 f   Image_sfun_registry.obj
 0001:00007300       ssGetZcSignalZcTol         0000000180008300 f   Image_sfun_registry.obj
 0001:00007380       ssGetZcSignalNeedsEventNotification 0000000180008380 f   Image_sfun_registry.obj
 0001:000073f0       ssGetZcSignalIsZcElementDisc 00000001800083f0 f   Image_sfun_registry.obj
 0001:00007490       ssGetIsInputPortElementContinuous 0000000180008490 f   Image_sfun_registry.obj
 0001:00007530       ssGetDTypeIdFromMxArray    0000000180008530 f   Image_sfun_registry.obj
 0001:00007650       ssWriteRTWStr              0000000180008650 f   Image_sfun_registry.obj
 0001:000076b0       ssWriteRTWNameValuePair    00000001800086b0 f   Image_sfun_registry.obj
 0001:00007bb0       ssWriteRTWParamSettings    0000000180008bb0 f   Image_sfun_registry.obj
 0001:000082a0       ssWriteRTWParameters       00000001800092a0 f   Image_sfun_registry.obj
 0001:00008860       ssWriteRTWWorkVect         0000000180009860 f   Image_sfun_registry.obj
 0001:00008d50       ssWriteRTWMxVectParam      0000000180009d50 f   Image_sfun_registry.obj
 0001:00008dd0       ssWriteRTWMx2dMatParam     0000000180009dd0 f   Image_sfun_registry.obj
 0001:00008e60       _ssSetInputPortMatrixDimensions 0000000180009e60 f   Image_sfun_registry.obj
 0001:00008f60       _ssSetOutputPortMatrixDimensions 0000000180009f60 f   Image_sfun_registry.obj
 0001:00009060       _ssSetInputPortVectorDimension 000000018000a060 f   Image_sfun_registry.obj
 0001:00009110       _ssSetOutputPortVectorDimension 000000018000a110 f   Image_sfun_registry.obj
 0001:000091c0       ssIsRunTimeParamTunable    000000018000a1c0 f   Image_sfun_registry.obj
 0001:00009230       ssGetSFuncBlockHandle      000000018000a230 f   Image_sfun_registry.obj
 0001:000092a0       _ssGetCurrentInputPortWidth 000000018000a2a0 f   Image_sfun_registry.obj
 0001:000093c0       _ssGetCurrentOutputPortWidth 000000018000a3c0 f   Image_sfun_registry.obj
 0001:000094e0       _ssGetCallSystemNumFcnCallDestinations 000000018000a4e0 f   Image_sfun_registry.obj
 0001:00009550       ssGetParameterTuningCompliance 000000018000a550 f   Image_sfun_registry.obj
 0001:000095c0       ssWarning                  000000018000a5c0 f   Image_sfun_registry.obj
 0001:000096b0       _ssGetAbsTol               000000018000a6b0 f   Image_sfun_registry.obj
 0001:00009720       _ssSetStateAbsTol          000000018000a720 f   Image_sfun_registry.obj
 0001:00009800       sf_process_check_sum_call  000000018000a800 f   Image_sfun_registry.obj
 0001:00009850       sf_process_autoinheritance_call 000000018000a850 f   Image_sfun_registry.obj
 0001:00009a80       sf_process_get_third_party_uses_info_call 000000018000aa80 f   Image_sfun_registry.obj
 0001:00009cb0       sf_process_get_jit_fallback_info_call 000000018000acb0 f   Image_sfun_registry.obj
 0001:00009ee0       sf_process_get_updateBuildInfo_args_info_call 000000018000aee0 f   Image_sfun_registry.obj
 0001:0000a110       sf_process_get_eml_resolved_functions_info_call 000000018000b110 f   Image_sfun_registry.obj
 0001:0000a310       sf_mex_unlock_call         000000018000b310 f   Image_sfun_registry.obj
 0001:0000a5b0       sf_machine_global_initializer_called 000000018000b5b0 f   Image_sfun_registry.obj
 0001:0000a5e0       sf_machine_global_method_dispatcher 000000018000b5e0 f   Image_sfun_registry.obj
 0001:0000a640       sf_machine_global_terminator 000000018000b640 f   Image_sfun_registry.obj
 0001:0000a690       sf_register_machine_exported_symbols 000000018000b690 f   Image_sfun_registry.obj
 0001:0000a6b0       callCustomFcn              000000018000b6b0 f   Image_sfun_registry.obj
 0001:0000a6c0       sf_machine_global_initializer 000000018000b6c0 f   Image_sfun_registry.obj
 0001:0000a740       mdlGetSimState             000000018000b740 f   Image_sfun_registry.obj
 0001:0000a780       mdlSetSimState             000000018000b780 f   Image_sfun_registry.obj
 0001:0000afe0       ProcessMexSfunctionEveryCall 000000018000bfe0 f   Image_sfun_registry.obj
 0001:0000bce0       __local_stdio_printf_options 000000018000cce0 f i Image_sfun_registry.obj
 0001:0000bcf0       _vsnprintf_l               000000018000ccf0 f i Image_sfun_registry.obj
 0001:0000bd70       _vsprintf_l                000000018000cd70 f i Image_sfun_registry.obj
 0001:0000bdc0       sprintf                    000000018000cdc0 f i Image_sfun_registry.obj
 0001:0000be10       sf_load_rtw_optimization_info 000000018000ce10 f   sf_runtime:sf_runtime.dll
 0001:0000be16       sf_debug_initialize_machine 000000018000ce16 f   sf_runtime:sf_runtime.dll
 0001:0000be1c       sf_debug_set_machine_event_thresholds 000000018000ce1c f   sf_runtime:sf_runtime.dll
 0001:0000be22       sf_debug_set_machine_data_thresholds 000000018000ce22 f   sf_runtime:sf_runtime.dll
 0001:0000be28       sf_init_ChartRunTimeInfo   000000018000ce28 f   sf_runtime:sf_runtime.dll
 0001:0000be2e       sf_free_ChartRunTimeInfo   000000018000ce2e f   sf_runtime:sf_runtime.dll
 0001:0000be34       sf_get_chart_instance_ptr  000000018000ce34 f   sf_runtime:sf_runtime.dll
 0001:0000be3a       sf_rtw_info_uint_prop      000000018000ce3a f   sf_runtime:sf_runtime.dll
 0001:0000be40       sf_update_buildInfo        000000018000ce40 f   sf_runtime:sf_runtime.dll
 0001:0000be46       sf_is_chart_inlinable      000000018000ce46 f   sf_runtime:sf_runtime.dll
 0001:0000be4c       sf_mark_chart_reusable_outputs 000000018000ce4c f   sf_runtime:sf_runtime.dll
 0001:0000be52       sf_mark_chart_expressionable_inputs 000000018000ce52 f   sf_runtime:sf_runtime.dll
 0001:0000be58       sim_mode_is_rtw_gen        000000018000ce58 f   sf_runtime:sf_runtime.dll
 0001:0000be5e       sim_mode_is_external       000000018000ce5e f   sf_runtime:sf_runtime.dll
 0001:0000be64       sim_mode_is_modelref_sim   000000018000ce64 f   sf_runtime:sf_runtime.dll
 0001:0000be6a       sf_clear_rtw_identifier    000000018000ce6a f   sf_runtime:sf_runtime.dll
 0001:0000be70       sf_set_rtw_dwork_info      000000018000ce70 f   sf_runtime:sf_runtime.dll
 0001:0000be76       sf_get_time                000000018000ce76 f   sf_runtime:sf_runtime.dll
 0001:0000be7c       sf_is_first_init_cond      000000018000ce7c f   sf_runtime:sf_runtime.dll
 0001:0000be82       sf_set_chart_accesses_machine_info 000000018000ce82 f   sf_runtime:sf_runtime.dll
 0001:0000be88       sf_mex_printf              000000018000ce88 f   sf_runtime:sf_runtime.dll
 0001:0000be8e       sf_mex_call_debug          000000018000ce8e f   sf_runtime:sf_runtime.dll
 0001:0000be94       sf_mex_error_message       000000018000ce94 f   sf_runtime:sf_runtime.dll
 0001:0000be9a       sf_mex_create              000000018000ce9a f   sf_runtime:sf_runtime.dll
 0001:0000bea0       sf_mex_createcellmatrix    000000018000cea0 f   sf_runtime:sf_runtime.dll
 0001:0000bea6       sf_mex_setcell             000000018000cea6 f   sf_runtime:sf_runtime.dll
 0001:0000beac       sf_mex_getcell             000000018000ceac f   sf_runtime:sf_runtime.dll
 0001:0000beb2       sf_mex_assign              000000018000ceb2 f   sf_runtime:sf_runtime.dll
 0001:0000beb8       sf_mex_dup                 000000018000ceb8 f   sf_runtime:sf_runtime.dll
 0001:0000bebe       sf_mex_destroy             000000018000cebe f   sf_runtime:sf_runtime.dll
 0001:0000bec4       sf_mex_import              000000018000cec4 f   sf_runtime:sf_runtime.dll
 0001:0000beca       sf_mex_decode_encoded_mx_struct_array 000000018000ceca f   sf_runtime:sf_runtime.dll
 0001:0000bed0       ssGetInputPortSignal_wrapper 000000018000ced0 f   sf_runtime:sf_runtime.dll
 0001:0000bed6       ssGetOutputPortSignal_wrapper 000000018000ced6 f   sf_runtime:sf_runtime.dll
 0001:0000bedc       sf_debug_initialize_chart  000000018000cedc f   sf_runtime:sf_runtime.dll
 0001:0000bee2       sf_debug_call              000000018000cee2 f   sf_runtime:sf_runtime.dll
 0001:0000bee8       eml_debug_line_call        000000018000cee8 f   sf_runtime:sf_runtime.dll
 0001:0000beee       cv_eml_eval                000000018000ceee f   sf_runtime:sf_runtime.dll
 0001:0000bef4       cv_eml_init_script         000000018000cef4 f   sf_runtime:sf_runtime.dll
 0001:0000befa       cv_eml_init_fcn            000000018000cefa f   sf_runtime:sf_runtime.dll
 0001:0000bf00       sf_debug_reset_current_state_configuration 000000018000cf00 f   sf_runtime:sf_runtime.dll
 0001:0000bf06       sf_debug_check_for_state_inconsistency 000000018000cf06 f   sf_runtime:sf_runtime.dll
 0001:0000bf0c       sf_debug_set_chart_data_props 000000018000cf0c f   sf_runtime:sf_runtime.dll
 0001:0000bf12       sf_debug_set_chart_data_compiled_props 000000018000cf12 f   sf_runtime:sf_runtime.dll
 0001:0000bf18       sf_debug_symbol_scope_push 000000018000cf18 f   sf_runtime:sf_runtime.dll
 0001:0000bf1e       sf_debug_symbol_scope_push_eml 000000018000cf1e f   sf_runtime:sf_runtime.dll
 0001:0000bf24       sf_debug_symbol_scope_pop  000000018000cf24 f   sf_runtime:sf_runtime.dll
 0001:0000bf2a       sf_debug_symbol_scope_add_eml 000000018000cf2a f   sf_runtime:sf_runtime.dll
 0001:0000bf30       sf_debug_symbol_scope_add_eml_importable 000000018000cf30 f   sf_runtime:sf_runtime.dll
 0001:0000bf36       sf_debug_set_instance_data_value_ptr 000000018000cf36 f   sf_runtime:sf_runtime.dll
 0001:0000bf3c       sf_debug_set_chart_disable_implicit_casting 000000018000cf3c f   sf_runtime:sf_runtime.dll
 0001:0000bf42       sf_debug_set_chart_event_thresholds 000000018000cf42 f   sf_runtime:sf_runtime.dll
 0001:0000bf48       sf_debug_set_chart_state_info 000000018000cf48 f   sf_runtime:sf_runtime.dll
 0001:0000bf4e       sf_debug_set_chart_decomposition 000000018000cf4e f   sf_runtime:sf_runtime.dll
 0001:0000bf54       sf_debug_set_chart_substate_count 000000018000cf54 f   sf_runtime:sf_runtime.dll
 0001:0000bf5a       sf_debug_data_range_wrapper 000000018000cf5a f   sf_runtime:sf_runtime.dll
 0001:0000bf60       sf_debug_cv_init_trans     000000018000cf60 f   sf_runtime:sf_runtime.dll
 0001:0000bf66       sf_debug_cv_init_chart     000000018000cf66 f   sf_runtime:sf_runtime.dll
 0001:0000bf6c       sf_debug_cv_init_state     000000018000cf6c f   sf_runtime:sf_runtime.dll
 0001:0000bf72       sf_get_ChartInfoStruct_CodeGen 000000018000cf72 f   sf_runtime:sf_runtime.dll
 0001:0000bf78       sf_get_isEnhancedMooreMachine 000000018000cf78 f   sf_runtime:sf_runtime.dll
 0001:0000bf7e       sf_set_compiledInfo        000000018000cf7e f   sf_runtime:sf_runtime.dll
 0001:0000bf84       callMdlMethodAndReportError 000000018000cf84 f   sf_runtime:sf_runtime.dll
 0001:0000bf8a       call_sf_machine_global_method_dispatcher 000000018000cf8a f   sf_runtime:sf_runtime.dll
 0001:0000bf90       sf_mex_error_direct_call   000000018000cf90 f   sf_runtime:sf_runtime.dll
 0001:0000bf96       sf_clear_error_manager_info 000000018000cf96 f   sf_runtime:sf_runtime.dll
 0001:0000bf9c       sf_debug_create_debug_instance_struct 000000018000cf9c f   sf_runtime:sf_runtime.dll
 0001:0000bfa2       sf_debug_terminate         000000018000cfa2 f   sf_runtime:sf_runtime.dll
 0001:0000bfa8       sf_debug_api               000000018000cfa8 f   sf_runtime:sf_runtime.dll
 0001:0000bfae       mxIsChar                   000000018000cfae f   libmx:libmx.dll
 0001:0000bfb4       mxGetPr                    000000018000cfb4 f   libmx:libmx.dll
 0001:0000bfba       mxGetScalar                000000018000cfba f   libmx:libmx.dll
 0001:0000bfc0       mxDestroyArray             000000018000cfc0 f   libmx:libmx.dll
 0001:0000bfc6       mxCreateDoubleMatrix_730   000000018000cfc6 f   libmx:libmx.dll
 0001:0000bfcc       mxGetString_730            000000018000cfcc f   libmx:libmx.dll
 0001:0000bfd2       mxDuplicateArray           000000018000cfd2 f   libmx:libmx.dll
 0001:0000bfd8       mxSetField_730             000000018000cfd8 f   libmx:libmx.dll
 0001:0000bfde       mxCreateDoubleScalar       000000018000cfde f   libmx:libmx.dll
 0001:0000bfe4       mxCreateString             000000018000cfe4 f   libmx:libmx.dll
 0001:0000bfea       mxCreateCellMatrix_730     000000018000cfea f   libmx:libmx.dll
 0001:0000bff0       mxCreateCellArray_730      000000018000cff0 f   libmx:libmx.dll
 0001:0000bff6       mxCreateStructMatrix_730   000000018000cff6 f   libmx:libmx.dll
 0001:0000bffc       mxCreateStructArray_730    000000018000cffc f   libmx:libmx.dll
 0001:0000c002       mxCalloc                   000000018000d002 f   libmx:libmx.dll
 0001:0000c008       mxGetM                     000000018000d008 f   libmx:libmx.dll
 0001:0000c00e       mxGetClassID               000000018000d00e f   libmx:libmx.dll
 0001:0000c014       mxIsNumeric                000000018000d014 f   libmx:libmx.dll
 0001:0000c01a       mxIsComplex                000000018000d01a f   libmx:libmx.dll
 0001:0000c020       mxGetN                     000000018000d020 f   libmx:libmx.dll
 0001:0000c026       mexMakeArrayPersistent     000000018000d026 f   libmex:libmex.dll
 0001:0000c02c       mexErrMsgTxt               000000018000d02c f   libmex:libmex.dll
 0001:0000c032       mexWarnMsgTxt              000000018000d032 f   libmex:libmex.dll
 0001:0000c038       mexCallMATLABWithObject    000000018000d038 f   libmex:libmex.dll
 0001:0000c03e       mexLock                    000000018000d03e f   libmex:libmex.dll
 0001:0000c044       mexUnlock                  000000018000d044 f   libmex:libmex.dll
 0001:0000c04a       mexIsLocked                000000018000d04a f   libmex:libmex.dll
 0001:0000c050       utMalloc                   000000018000d050 f   libut:libut.dll
 0001:0000c056       utFree                     000000018000d056 f   libut:libut.dll
 0001:0000c05c       __raise_securityfailure    000000018000d05c f   MSVCRT:gs_report.obj
 0001:0000c090       __report_gsfailure         000000018000d090 f   MSVCRT:gs_report.obj
 0001:0000c164       __report_rangecheckfailure 000000018000d164 f   MSVCRT:gs_report.obj
 0001:0000c178       __report_securityfailure   000000018000d178 f   MSVCRT:gs_report.obj
 0001:0000c214       __report_securityfailureEx 000000018000d214 f   MSVCRT:gs_report.obj
 0001:0000c408       __GSHandlerCheck           000000018000d408 f   MSVCRT:_gshandler_.obj
 0001:0000c428       __GSHandlerCheckCommon     000000018000d428 f   MSVCRT:_gshandler_.obj
 0001:0000c4a0       __security_check_cookie    000000018000d4a0 f   MSVCRT:_amdsecgs_.obj
 0001:0000c810       _CRT_INIT                  000000018000d810 f   MSVCRT:dll_dllmain.obj
 0001:0000c818       _DllMainCRTStartup         000000018000d818 f   MSVCRT:dll_dllmain.obj
 0001:0000c858       ??$__crt_fast_decode_pointer@PEAP6AXXZ@@YAPEAP6AXXZQEAP6AXXZ@Z 000000018000d858 f i MSVCRT:utility.obj
 0001:0000c870       ??$__crt_fast_encode_pointer@PEAP6AXXZ@@YAPEAP6AXXZQEAP6AXXZ@Z 000000018000d870 f i MSVCRT:utility.obj
 0001:0000c890       ?__crt_rotate_pointer_value@@YA_K_KH@Z 000000018000d890 f i MSVCRT:utility.obj
 0001:0000c89c       ?configure_argv@__scrt_narrow_argv_policy@@SAHXZ 000000018000d89c f i MSVCRT:utility.obj
 0001:0000c92c       NtCurrentTeb               000000018000d92c f i MSVCRT:utility.obj
 0001:0000c938       __scrt_acquire_startup_lock 000000018000d938 f   MSVCRT:utility.obj
 0001:0000c974       __scrt_dllmain_after_initialize_c 000000018000d974 f   MSVCRT:utility.obj
 0001:0000c9a8       __scrt_dllmain_before_initialize_c 000000018000d9a8 f   MSVCRT:utility.obj
 0001:0000c9c0       __scrt_dllmain_crt_thread_attach 000000018000d9c0 f   MSVCRT:utility.obj
 0001:0000c9e8       __scrt_dllmain_crt_thread_detach 000000018000d9e8 f   MSVCRT:utility.obj
 0001:0000ca00       __scrt_dllmain_exception_filter 000000018000da00 f   MSVCRT:utility.obj
 0001:0000ca64       __scrt_dllmain_uninitialize_c 000000018000da64 f   MSVCRT:utility.obj
 0001:0000ca94       __scrt_dllmain_uninitialize_critical 000000018000da94 f   MSVCRT:utility.obj
 0001:0000caa8       __scrt_initialize_crt      000000018000daa8 f   MSVCRT:utility.obj
 0001:0000caf4       __scrt_initialize_onexit_tables 000000018000daf4 f   MSVCRT:utility.obj
 0001:0000cbc0       __scrt_is_nonwritable_in_current_image 000000018000dbc0 f   MSVCRT:utility.obj
 0001:0000cc5c       __scrt_release_startup_lock 000000018000dc5c f   MSVCRT:utility.obj
 0001:0000cc80       __scrt_uninitialize_crt    000000018000dc80 f   MSVCRT:utility.obj
 0001:0000ccac       _onexit                    000000018000dcac f   MSVCRT:utility.obj
 0001:0000ccfc       at_quick_exit              000000018000dcfc f   MSVCRT:utility.obj
 0001:0000cd34       atexit                     000000018000dd34 f   MSVCRT:utility.obj
 0001:0000cd4c       __security_init_cookie     000000018000dd4c f   MSVCRT:gs_support.obj
 0001:0000cdf8       DllMain                    000000018000ddf8 f   MSVCRT:dll_dllmain_stub.obj
 0001:0000ce1c       ?__scrt_initialize_type_info@@YAXXZ 000000018000de1c f   MSVCRT:tncleanup.obj
 0001:0000ce2c       ?__scrt_uninitialize_type_info@@YAXXZ 000000018000de2c f   MSVCRT:tncleanup.obj
 0001:0000ce38       __local_stdio_scanf_options 000000018000de38 f i MSVCRT:default_local_stdio_options.obj
 0001:0000ce40       __scrt_initialize_default_local_stdio_options 000000018000de40 f   MSVCRT:default_local_stdio_options.obj
 0001:0000ce5c       __scrt_get_dyn_tls_init_callback 000000018000de5c f   MSVCRT:dyn_tls_init.obj
 0001:0000ce64       __crt_debugger_hook        000000018000de64 f   MSVCRT:utility_desktop.obj
 0001:0000ce6c       __scrt_fastfail            000000018000de6c f   MSVCRT:utility_desktop.obj
 0001:0000cfb4       __scrt_get_show_window_mode 000000018000dfb4 f   MSVCRT:utility_desktop.obj
 0001:0000cff0       __scrt_initialize_winrt    000000018000dff0 f   MSVCRT:utility_desktop.obj
 0001:0000cff4       __scrt_is_managed_app      000000018000dff4 f   MSVCRT:utility_desktop.obj
 0001:0000d048       __scrt_set_unhandled_exception_filter 000000018000e048 f   MSVCRT:utility_desktop.obj
 0001:0000d058       __scrt_unhandled_exception_filter 000000018000e058 f   MSVCRT:utility_desktop.obj
 0001:0000d090       _RTC_Initialize            000000018000e090 f   MSVCRT:_initsect_.obj
 0001:0000d0dc       _RTC_Terminate             000000018000e0dc f   MSVCRT:_initsect_.obj
 0001:0000d128       _guard_check_icall         000000018000e128 f i MSVCRT:checkcfg.obj
 0001:0000d130       __isa_available_init       000000018000e130 f   MSVCRT:_cpu_disp_.obj
 0001:0000d2f8       _get_startup_argv_mode     000000018000e2f8 f   MSVCRT:argv_mode.obj
 0001:0000d300       __scrt_is_ucrt_dll_in_use  000000018000e300 f   MSVCRT:ucrt_detection.obj
 0001:0000d30c       _guard_check_icall_nop     000000018000e30c f i MSVCRT:guard_support.obj
 0001:0000d310       _guard_icall_checks_enforced 000000018000e310 f i MSVCRT:guard_support.obj
 0001:0000d330       RtlCaptureContext          000000018000e330 f   kernel32:KERNEL32.dll
 0001:0000d336       RtlLookupFunctionEntry     000000018000e336 f   kernel32:KERNEL32.dll
 0001:0000d33c       RtlVirtualUnwind           000000018000e33c f   kernel32:KERNEL32.dll
 0001:0000d342       UnhandledExceptionFilter   000000018000e342 f   kernel32:KERNEL32.dll
 0001:0000d348       SetUnhandledExceptionFilter 000000018000e348 f   kernel32:KERNEL32.dll
 0001:0000d34e       GetCurrentProcess          000000018000e34e f   kernel32:KERNEL32.dll
 0001:0000d354       TerminateProcess           000000018000e354 f   kernel32:KERNEL32.dll
 0001:0000d35a       IsProcessorFeaturePresent  000000018000e35a f   kernel32:KERNEL32.dll
 0001:0000d360       QueryPerformanceCounter    000000018000e360 f   kernel32:KERNEL32.dll
 0001:0000d366       GetCurrentProcessId        000000018000e366 f   kernel32:KERNEL32.dll
 0001:0000d36c       GetCurrentThreadId         000000018000e36c f   kernel32:KERNEL32.dll
 0001:0000d372       GetSystemTimeAsFileTime    000000018000e372 f   kernel32:KERNEL32.dll
 0001:0000d378       DisableThreadLibraryCalls  000000018000e378 f   kernel32:KERNEL32.dll
 0001:0000d37e       InitializeSListHead        000000018000e37e f   kernel32:KERNEL32.dll
 0001:0000d384       IsDebuggerPresent          000000018000e384 f   kernel32:KERNEL32.dll
 0001:0000d38a       GetStartupInfoW            000000018000e38a f   kernel32:KERNEL32.dll
 0001:0000d390       GetModuleHandleW           000000018000e390 f   kernel32:KERNEL32.dll
 0001:0000d396       memset                     000000018000e396 f   vcruntime:VCRUNTIME140.dll
 0001:0000d39c       memcpy                     000000018000e39c f   vcruntime:VCRUNTIME140.dll
 0001:0000d3a2       __C_specific_handler       000000018000e3a2 f   vcruntime:VCRUNTIME140.dll
 0001:0000d3a8       __std_type_info_destroy_list 000000018000e3a8 f   vcruntime:VCRUNTIME140.dll
 0001:0000d3ae       strcmp                     000000018000e3ae f   ucrt:api-ms-win-crt-string-l1-1-0.dll
 0001:0000d3b4       strcat                     000000018000e3b4 f   ucrt:api-ms-win-crt-string-l1-1-0.dll
 0001:0000d3ba       strlen                     000000018000e3ba f   ucrt:api-ms-win-crt-string-l1-1-0.dll
 0001:0000d3c0       __stdio_common_vsprintf    000000018000e3c0 f   ucrt:api-ms-win-crt-stdio-l1-1-0.dll
 0001:0000d3c6       free                       000000018000e3c6 f   ucrt:api-ms-win-crt-heap-l1-1-0.dll
 0001:0000d3cc       malloc                     000000018000e3cc f   ucrt:api-ms-win-crt-heap-l1-1-0.dll
 0001:0000d3d2       _initterm                  000000018000e3d2 f   ucrt:api-ms-win-crt-runtime-l1-1-0.dll
 0001:0000d3d8       _initterm_e                000000018000e3d8 f   ucrt:api-ms-win-crt-runtime-l1-1-0.dll
 0001:0000d3de       _seh_filter_dll            000000018000e3de f   ucrt:api-ms-win-crt-runtime-l1-1-0.dll
 0001:0000d3e4       _configure_narrow_argv     000000018000e3e4 f   ucrt:api-ms-win-crt-runtime-l1-1-0.dll
 0001:0000d3ea       _initialize_narrow_environment 000000018000e3ea f   ucrt:api-ms-win-crt-runtime-l1-1-0.dll
 0001:0000d3f0       _initialize_onexit_table   000000018000e3f0 f   ucrt:api-ms-win-crt-runtime-l1-1-0.dll
 0001:0000d3f6       _register_onexit_function  000000018000e3f6 f   ucrt:api-ms-win-crt-runtime-l1-1-0.dll
 0001:0000d3fc       _execute_onexit_table      000000018000e3fc f   ucrt:api-ms-win-crt-runtime-l1-1-0.dll
 0001:0000d402       _crt_atexit                000000018000e402 f   ucrt:api-ms-win-crt-runtime-l1-1-0.dll
 0001:0000d408       _crt_at_quick_exit         000000018000e408 f   ucrt:api-ms-win-crt-runtime-l1-1-0.dll
 0001:0000d40e       _cexit                     000000018000e40e f   ucrt:api-ms-win-crt-runtime-l1-1-0.dll
 0001:0000d414       terminate                  000000018000e414 f   ucrt:api-ms-win-crt-runtime-l1-1-0.dll
 0001:0000d41c       __acrt_initialize          000000018000e41c f   MSVCRT:ucrt_stubs.obj
 0001:0000d41c       __scrt_stub_for_acrt_initialize 000000018000e41c f   MSVCRT:ucrt_stubs.obj
 0001:0000d41c       __vcrt_initialize          000000018000e41c f   MSVCRT:ucrt_stubs.obj
 0001:0000d420       __vcrt_thread_attach       000000018000e420 f   MSVCRT:ucrt_stubs.obj
 0001:0000d420       __scrt_stub_for_acrt_thread_attach 000000018000e420 f   MSVCRT:ucrt_stubs.obj
 0001:0000d420       __acrt_thread_attach       000000018000e420 f   MSVCRT:ucrt_stubs.obj
 0001:0000d424       __acrt_thread_detach       000000018000e424 f   MSVCRT:ucrt_stubs.obj
 0001:0000d424       __vcrt_thread_detach       000000018000e424 f   MSVCRT:ucrt_stubs.obj
 0001:0000d424       __scrt_stub_for_acrt_thread_detach 000000018000e424 f   MSVCRT:ucrt_stubs.obj
 0001:0000d428       __vcrt_uninitialize        000000018000e428 f   MSVCRT:ucrt_stubs.obj
 0001:0000d428       __scrt_stub_for_acrt_uninitialize 000000018000e428 f   MSVCRT:ucrt_stubs.obj
 0001:0000d428       __acrt_uninitialize        000000018000e428 f   MSVCRT:ucrt_stubs.obj
 0001:0000d42c       __acrt_uninitialize_critical 000000018000e42c f   MSVCRT:ucrt_stubs.obj
 0001:0000d42c       __vcrt_uninitialize_critical 000000018000e42c f   MSVCRT:ucrt_stubs.obj
 0001:0000d42c       __scrt_stub_for_acrt_uninitialize_critical 000000018000e42c f   MSVCRT:ucrt_stubs.obj
 0001:0000d430       _is_c_termination_complete 000000018000e430 f   MSVCRT:ucrt_stubs.obj
 0001:0000d430       __scrt_stub_for_is_c_termination_complete 000000018000e430 f   MSVCRT:ucrt_stubs.obj
 0001:0000d450       _guard_dispatch_icall_nop  000000018000e450 f   MSVCRT:_guard_dispatch_.obj
 0002:00000000       __imp_UnhandledExceptionFilter 000000018000f000     kernel32:KERNEL32.dll
 0002:00000008       __imp_IsProcessorFeaturePresent 000000018000f008     kernel32:KERNEL32.dll
 0002:00000010       __imp_RtlCaptureContext    000000018000f010     kernel32:KERNEL32.dll
 0002:00000018       __imp_RtlLookupFunctionEntry 000000018000f018     kernel32:KERNEL32.dll
 0002:00000020       __imp_QueryPerformanceCounter 000000018000f020     kernel32:KERNEL32.dll
 0002:00000028       __imp_GetCurrentProcessId  000000018000f028     kernel32:KERNEL32.dll
 0002:00000030       __imp_GetCurrentThreadId   000000018000f030     kernel32:KERNEL32.dll
 0002:00000038       __imp_GetSystemTimeAsFileTime 000000018000f038     kernel32:KERNEL32.dll
 0002:00000040       __imp_DisableThreadLibraryCalls 000000018000f040     kernel32:KERNEL32.dll
 0002:00000048       __imp_InitializeSListHead  000000018000f048     kernel32:KERNEL32.dll
 0002:00000050       __imp_IsDebuggerPresent    000000018000f050     kernel32:KERNEL32.dll
 0002:00000058       __imp_GetStartupInfoW      000000018000f058     kernel32:KERNEL32.dll
 0002:00000060       __imp_GetModuleHandleW     000000018000f060     kernel32:KERNEL32.dll
 0002:00000068       __imp_GetCurrentProcess    000000018000f068     kernel32:KERNEL32.dll
 0002:00000070       __imp_SetUnhandledExceptionFilter 000000018000f070     kernel32:KERNEL32.dll
 0002:00000078       __imp_TerminateProcess     000000018000f078     kernel32:KERNEL32.dll
 0002:00000080       __imp_RtlVirtualUnwind     000000018000f080     kernel32:KERNEL32.dll
 0002:00000088       \177KERNEL32_NULL_THUNK_DATA 000000018000f088     kernel32:KERNEL32.dll
 0002:00000090       __imp_memcpy               000000018000f090     vcruntime:VCRUNTIME140.dll
 0002:00000098       __imp___C_specific_handler 000000018000f098     vcruntime:VCRUNTIME140.dll
 0002:000000a0       __imp___std_type_info_destroy_list 000000018000f0a0     vcruntime:VCRUNTIME140.dll
 0002:000000a8       __imp_memset               000000018000f0a8     vcruntime:VCRUNTIME140.dll
 0002:000000b0       \177VCRUNTIME140_NULL_THUNK_DATA 000000018000f0b0     vcruntime:VCRUNTIME140.dll
 0002:000000b8       __imp_free                 000000018000f0b8     ucrt:api-ms-win-crt-heap-l1-1-0.dll
 0002:000000c0       __imp_malloc               000000018000f0c0     ucrt:api-ms-win-crt-heap-l1-1-0.dll
 0002:000000c8       \177api-ms-win-crt-heap-l1-1-0_NULL_THUNK_DATA 000000018000f0c8     ucrt:api-ms-win-crt-heap-l1-1-0.dll
 0002:000000d0       __imp__seh_filter_dll      000000018000f0d0     ucrt:api-ms-win-crt-runtime-l1-1-0.dll
 0002:000000d8       __imp__initterm_e          000000018000f0d8     ucrt:api-ms-win-crt-runtime-l1-1-0.dll
 0002:000000e0       __imp__initialize_narrow_environment 000000018000f0e0     ucrt:api-ms-win-crt-runtime-l1-1-0.dll
 0002:000000e8       __imp__initialize_onexit_table 000000018000f0e8     ucrt:api-ms-win-crt-runtime-l1-1-0.dll
 0002:000000f0       __imp__register_onexit_function 000000018000f0f0     ucrt:api-ms-win-crt-runtime-l1-1-0.dll
 0002:000000f8       __imp__execute_onexit_table 000000018000f0f8     ucrt:api-ms-win-crt-runtime-l1-1-0.dll
 0002:00000100       __imp__crt_atexit          000000018000f100     ucrt:api-ms-win-crt-runtime-l1-1-0.dll
 0002:00000108       __imp__crt_at_quick_exit   000000018000f108     ucrt:api-ms-win-crt-runtime-l1-1-0.dll
 0002:00000110       __imp__cexit               000000018000f110     ucrt:api-ms-win-crt-runtime-l1-1-0.dll
 0002:00000118       __imp_terminate            000000018000f118     ucrt:api-ms-win-crt-runtime-l1-1-0.dll
 0002:00000120       __imp__initterm            000000018000f120     ucrt:api-ms-win-crt-runtime-l1-1-0.dll
 0002:00000128       __imp__configure_narrow_argv 000000018000f128     ucrt:api-ms-win-crt-runtime-l1-1-0.dll
 0002:00000130       \177api-ms-win-crt-runtime-l1-1-0_NULL_THUNK_DATA 000000018000f130     ucrt:api-ms-win-crt-runtime-l1-1-0.dll
 0002:00000138       __imp___stdio_common_vsprintf 000000018000f138     ucrt:api-ms-win-crt-stdio-l1-1-0.dll
 0002:00000140       \177api-ms-win-crt-stdio-l1-1-0_NULL_THUNK_DATA 000000018000f140     ucrt:api-ms-win-crt-stdio-l1-1-0.dll
 0002:00000148       __imp_strlen               000000018000f148     ucrt:api-ms-win-crt-string-l1-1-0.dll
 0002:00000150       __imp_strcat               000000018000f150     ucrt:api-ms-win-crt-string-l1-1-0.dll
 0002:00000158       __imp_strcmp               000000018000f158     ucrt:api-ms-win-crt-string-l1-1-0.dll
 0002:00000160       \177api-ms-win-crt-string-l1-1-0_NULL_THUNK_DATA 000000018000f160     ucrt:api-ms-win-crt-string-l1-1-0.dll
 0002:00000168       __imp_mexIsLocked          000000018000f168     libmex:libmex.dll
 0002:00000170       __imp_mexUnlock            000000018000f170     libmex:libmex.dll
 0002:00000178       __imp_mexLock              000000018000f178     libmex:libmex.dll
 0002:00000180       __imp_mexCallMATLABWithObject 000000018000f180     libmex:libmex.dll
 0002:00000188       __imp_mexWarnMsgTxt        000000018000f188     libmex:libmex.dll
 0002:00000190       __imp_mexErrMsgTxt         000000018000f190     libmex:libmex.dll
 0002:00000198       __imp_mexMakeArrayPersistent 000000018000f198     libmex:libmex.dll
 0002:000001a0       \177libmex_NULL_THUNK_DATA 000000018000f1a0     libmex:libmex.dll
 0002:000001a8       __imp_mxGetN               000000018000f1a8     libmx:libmx.dll
 0002:000001b0       __imp_mxIsComplex          000000018000f1b0     libmx:libmx.dll
 0002:000001b8       __imp_mxIsNumeric          000000018000f1b8     libmx:libmx.dll
 0002:000001c0       __imp_mxGetClassID         000000018000f1c0     libmx:libmx.dll
 0002:000001c8       __imp_mxGetM               000000018000f1c8     libmx:libmx.dll
 0002:000001d0       __imp_mxCalloc             000000018000f1d0     libmx:libmx.dll
 0002:000001d8       __imp_mxCreateStructArray_730 000000018000f1d8     libmx:libmx.dll
 0002:000001e0       __imp_mxCreateStructMatrix_730 000000018000f1e0     libmx:libmx.dll
 0002:000001e8       __imp_mxCreateCellArray_730 000000018000f1e8     libmx:libmx.dll
 0002:000001f0       __imp_mxCreateCellMatrix_730 000000018000f1f0     libmx:libmx.dll
 0002:000001f8       __imp_mxCreateString       000000018000f1f8     libmx:libmx.dll
 0002:00000200       __imp_mxCreateDoubleScalar 000000018000f200     libmx:libmx.dll
 0002:00000208       __imp_mxSetField_730       000000018000f208     libmx:libmx.dll
 0002:00000210       __imp_mxDuplicateArray     000000018000f210     libmx:libmx.dll
 0002:00000218       __imp_mxGetString_730      000000018000f218     libmx:libmx.dll
 0002:00000220       __imp_mxCreateDoubleMatrix_730 000000018000f220     libmx:libmx.dll
 0002:00000228       __imp_mxIsChar             000000018000f228     libmx:libmx.dll
 0002:00000230       __imp_mxGetPr              000000018000f230     libmx:libmx.dll
 0002:00000238       __imp_mxGetScalar          000000018000f238     libmx:libmx.dll
 0002:00000240       __imp_mxDestroyArray       000000018000f240     libmx:libmx.dll
 0002:00000248       \177libmx_NULL_THUNK_DATA  000000018000f248     libmx:libmx.dll
 0002:00000250       __imp_utMalloc             000000018000f250     libut:libut.dll
 0002:00000258       __imp_utFree               000000018000f258     libut:libut.dll
 0002:00000260       \177libut_NULL_THUNK_DATA  000000018000f260     libut:libut.dll
 0002:00000268       __imp_sf_debug_create_debug_instance_struct 000000018000f268     sf_runtime:sf_runtime.dll
 0002:00000270       __imp_sf_clear_error_manager_info 000000018000f270     sf_runtime:sf_runtime.dll
 0002:00000278       __imp_sf_mex_error_direct_call 000000018000f278     sf_runtime:sf_runtime.dll
 0002:00000280       __imp_call_sf_machine_global_method_dispatcher 000000018000f280     sf_runtime:sf_runtime.dll
 0002:00000288       __imp_callMdlMethodAndReportError 000000018000f288     sf_runtime:sf_runtime.dll
 0002:00000290       __imp_sf_set_compiledInfo  000000018000f290     sf_runtime:sf_runtime.dll
 0002:00000298       __imp_sf_get_isEnhancedMooreMachine 000000018000f298     sf_runtime:sf_runtime.dll
 0002:000002a0       __imp_sf_get_ChartInfoStruct_CodeGen 000000018000f2a0     sf_runtime:sf_runtime.dll
 0002:000002a8       __imp_sf_debug_cv_init_state 000000018000f2a8     sf_runtime:sf_runtime.dll
 0002:000002b0       __imp_sf_debug_cv_init_chart 000000018000f2b0     sf_runtime:sf_runtime.dll
 0002:000002b8       __imp_sf_debug_terminate   000000018000f2b8     sf_runtime:sf_runtime.dll
 0002:000002c0       __imp_sf_debug_data_range_wrapper 000000018000f2c0     sf_runtime:sf_runtime.dll
 0002:000002c8       __imp_sf_debug_set_chart_substate_count 000000018000f2c8     sf_runtime:sf_runtime.dll
 0002:000002d0       __imp_sf_debug_set_chart_decomposition 000000018000f2d0     sf_runtime:sf_runtime.dll
 0002:000002d8       __imp_sf_debug_set_chart_state_info 000000018000f2d8     sf_runtime:sf_runtime.dll
 0002:000002e0       __imp_sf_debug_set_chart_event_thresholds 000000018000f2e0     sf_runtime:sf_runtime.dll
 0002:000002e8       __imp_sf_debug_set_chart_disable_implicit_casting 000000018000f2e8     sf_runtime:sf_runtime.dll
 0002:000002f0       __imp_sf_debug_set_instance_data_value_ptr 000000018000f2f0     sf_runtime:sf_runtime.dll
 0002:000002f8       __imp_sf_debug_symbol_scope_add_eml_importable 000000018000f2f8     sf_runtime:sf_runtime.dll
 0002:00000300       __imp_sf_debug_symbol_scope_add_eml 000000018000f300     sf_runtime:sf_runtime.dll
 0002:00000308       __imp_sf_debug_symbol_scope_pop 000000018000f308     sf_runtime:sf_runtime.dll
 0002:00000310       __imp_sf_debug_symbol_scope_push_eml 000000018000f310     sf_runtime:sf_runtime.dll
 0002:00000318       __imp_sf_debug_api         000000018000f318     sf_runtime:sf_runtime.dll
 0002:00000320       __imp_sf_debug_cv_init_trans 000000018000f320     sf_runtime:sf_runtime.dll
 0002:00000328       __imp_sf_debug_symbol_scope_push 000000018000f328     sf_runtime:sf_runtime.dll
 0002:00000330       __imp_sf_debug_set_chart_data_compiled_props 000000018000f330     sf_runtime:sf_runtime.dll
 0002:00000338       __imp_sf_debug_set_chart_data_props 000000018000f338     sf_runtime:sf_runtime.dll
 0002:00000340       __imp_sf_debug_check_for_state_inconsistency 000000018000f340     sf_runtime:sf_runtime.dll
 0002:00000348       __imp_sf_debug_reset_current_state_configuration 000000018000f348     sf_runtime:sf_runtime.dll
 0002:00000350       __imp_cv_eml_init_fcn      000000018000f350     sf_runtime:sf_runtime.dll
 0002:00000358       __imp_cv_eml_init_script   000000018000f358     sf_runtime:sf_runtime.dll
 0002:00000360       __imp_cv_eml_eval          000000018000f360     sf_runtime:sf_runtime.dll
 0002:00000368       __imp_eml_debug_line_call  000000018000f368     sf_runtime:sf_runtime.dll
 0002:00000370       __imp_sf_debug_call        000000018000f370     sf_runtime:sf_runtime.dll
 0002:00000378       __imp_sf_debug_initialize_chart 000000018000f378     sf_runtime:sf_runtime.dll
 0002:00000380       __imp_ssGetOutputPortSignal_wrapper 000000018000f380     sf_runtime:sf_runtime.dll
 0002:00000388       __imp_ssGetInputPortSignal_wrapper 000000018000f388     sf_runtime:sf_runtime.dll
 0002:00000390       __imp_sf_mex_decode_encoded_mx_struct_array 000000018000f390     sf_runtime:sf_runtime.dll
 0002:00000398       __imp_sf_mex_import        000000018000f398     sf_runtime:sf_runtime.dll
 0002:000003a0       __imp_sf_mex_destroy       000000018000f3a0     sf_runtime:sf_runtime.dll
 0002:000003a8       __imp_sf_mex_dup           000000018000f3a8     sf_runtime:sf_runtime.dll
 0002:000003b0       __imp_sf_mex_assign        000000018000f3b0     sf_runtime:sf_runtime.dll
 0002:000003b8       __imp_sf_mex_getcell       000000018000f3b8     sf_runtime:sf_runtime.dll
 0002:000003c0       __imp_sf_mex_setcell       000000018000f3c0     sf_runtime:sf_runtime.dll
 0002:000003c8       __imp_sf_mex_createcellmatrix 000000018000f3c8     sf_runtime:sf_runtime.dll
 0002:000003d0       __imp_sf_mex_create        000000018000f3d0     sf_runtime:sf_runtime.dll
 0002:000003d8       __imp_sf_mex_error_message 000000018000f3d8     sf_runtime:sf_runtime.dll
 0002:000003e0       __imp_sf_mex_call_debug    000000018000f3e0     sf_runtime:sf_runtime.dll
 0002:000003e8       __imp_sf_mex_printf        000000018000f3e8     sf_runtime:sf_runtime.dll
 0002:000003f0       __imp_sf_set_chart_accesses_machine_info 000000018000f3f0     sf_runtime:sf_runtime.dll
 0002:000003f8       __imp_sf_is_first_init_cond 000000018000f3f8     sf_runtime:sf_runtime.dll
 0002:00000400       __imp_sf_get_time          000000018000f400     sf_runtime:sf_runtime.dll
 0002:00000408       __imp_sf_set_rtw_dwork_info 000000018000f408     sf_runtime:sf_runtime.dll
 0002:00000410       __imp_sf_clear_rtw_identifier 000000018000f410     sf_runtime:sf_runtime.dll
 0002:00000418       __imp_sim_mode_is_modelref_sim 000000018000f418     sf_runtime:sf_runtime.dll
 0002:00000420       __imp_sim_mode_is_external 000000018000f420     sf_runtime:sf_runtime.dll
 0002:00000428       __imp_sim_mode_is_rtw_gen  000000018000f428     sf_runtime:sf_runtime.dll
 0002:00000430       __imp_sf_mark_chart_expressionable_inputs 000000018000f430     sf_runtime:sf_runtime.dll
 0002:00000438       __imp_sf_mark_chart_reusable_outputs 000000018000f438     sf_runtime:sf_runtime.dll
 0002:00000440       __imp_sf_is_chart_inlinable 000000018000f440     sf_runtime:sf_runtime.dll
 0002:00000448       __imp_sf_update_buildInfo  000000018000f448     sf_runtime:sf_runtime.dll
 0002:00000450       __imp_sf_rtw_info_uint_prop 000000018000f450     sf_runtime:sf_runtime.dll
 0002:00000458       __imp_sf_get_chart_instance_ptr 000000018000f458     sf_runtime:sf_runtime.dll
 0002:00000460       __imp_sf_free_ChartRunTimeInfo 000000018000f460     sf_runtime:sf_runtime.dll
 0002:00000468       __imp_sf_init_ChartRunTimeInfo 000000018000f468     sf_runtime:sf_runtime.dll
 0002:00000470       __imp_sf_debug_set_machine_data_thresholds 000000018000f470     sf_runtime:sf_runtime.dll
 0002:00000478       __imp_sf_debug_set_machine_event_thresholds 000000018000f478     sf_runtime:sf_runtime.dll
 0002:00000480       __imp_sf_debug_initialize_machine 000000018000f480     sf_runtime:sf_runtime.dll
 0002:00000488       __imp_sf_load_rtw_optimization_info 000000018000f488     sf_runtime:sf_runtime.dll
 0002:00000490       \177sf_runtime_NULL_THUNK_DATA 000000018000f490     sf_runtime:sf_runtime.dll
 0002:00000498       __guard_check_icall_fptr   000000018000f498     MSVCRT:guard_support.obj
 0002:000004a0       __guard_dispatch_icall_fptr 000000018000f4a0     MSVCRT:guard_support.obj
 0002:000004a8       __xc_a                     000000018000f4a8     MSVCRT:initializers.obj
 0002:000004b0       __xc_z                     000000018000f4b0     MSVCRT:initializers.obj
 0002:000004b8       __xi_a                     000000018000f4b8     MSVCRT:initializers.obj
 0002:000004c0       __xi_z                     000000018000f4c0     MSVCRT:initializers.obj
 0002:000004c8       __xp_a                     000000018000f4c8     MSVCRT:initializers.obj
 0002:000004d0       __xp_z                     000000018000f4d0     MSVCRT:initializers.obj
 0002:000004d8       __xt_a                     000000018000f4d8     MSVCRT:initializers.obj
 0002:000004e0       __xt_z                     000000018000f4e0     MSVCRT:initializers.obj
 0002:000004f0       __real@41c2182485000000    000000018000f4f0     Image_sfun.obj
 0002:000004f8       __real@41cb64020e000000    000000018000f4f8     Image_sfun.obj
 0002:00000500       __real@41d7dca6f5800000    000000018000f500     Image_sfun.obj
 0002:00000508       __real@41da91fd70400000    000000018000f508     Image_sfun.obj
 0002:00000510       __real@41db9ba3aac00000    000000018000f510     Image_sfun.obj
 0002:00000518       __real@41e03505f3800000    000000018000f518     Image_sfun.obj
 0002:00000520       __real@41e1575dbcc00000    000000018000f520     Image_sfun.obj
 0002:00000528       __real@41e168c408800000    000000018000f528     Image_sfun.obj
 0002:00000530       __real@41e4e8c2f9e00000    000000018000f530     Image_sfun.obj
 0002:00000538       __real@41e605713d600000    000000018000f538     Image_sfun.obj
 0002:00000540       __real@41eb39c0bf800000    000000018000f540     Image_sfun.obj
 0002:00000548       __real@41eb934404200000    000000018000f548     Image_sfun.obj
 0002:00000550       __real@3ff0000000000000    000000018000f550     c2_Image.obj
 0002:00000558       __real@4008000000000000    000000018000f558     c2_Image.obj
 0002:00000560       __real@4082c00000000000    000000018000f560     c2_Image.obj
 0002:00000568       __real@4089000000000000    000000018000f568     c2_Image.obj
 0002:00000570       __real@41da41f682000000    000000018000f570     c2_Image.obj
 0002:00000578       __real@41e056cc64a00000    000000018000f578     c2_Image.obj
 0002:00000580       __real@41ea5cdb3aa00000    000000018000f580     c2_Image.obj
 0002:00000588       __real@41ee8132f3600000    000000018000f588     c2_Image.obj
 0002:00000590       _ssBadLevel2InputAccessMsg 000000018000f590     Image_sfun_registry.obj
 0002:00000720       _ssBadLevel2DirectFeedMsg  000000018000f720     Image_sfun_registry.obj
 0002:00000860       _ssBadLevel2DirectFeedSolutionMsg 000000018000f860     Image_sfun_registry.obj
 0002:000008d0       _ssBadLevel2ZeroDirectFeedMsg 000000018000f8d0     Image_sfun_registry.obj
 0002:00000a10       _ssBadLevel2ZeroDirectFeedMsg2 000000018000fa10     Image_sfun_registry.obj
 0002:00000af8       DYNAMIC_DIMENSION_DEF      000000018000faf8     Image_sfun_registry.obj
 0002:00000b10       __real@0000000000000000    000000018000fb10     Image_sfun_registry.obj
 0002:00000b18       __real@41602cbca0000000    000000018000fb18     Image_sfun_registry.obj
 0002:00000b20       __real@bff0000000000000    000000018000fb20     Image_sfun_registry.obj
 0002:00000b38       _pDefaultRawDllMain        000000018000fb38     MSVCRT:dll_dllmain.obj
 0002:00000b38       _pRawDllMain               000000018000fb38     MSVCRT:dll_dllmain.obj
 0002:00000b60       _load_config_used          000000018000fb60     MSVCRT:loadcfg.obj
 0002:00000e20       __rtc_iaa                  000000018000fe20     MSVCRT:_initsect_.obj
 0002:00000e28       __rtc_izz                  000000018000fe28     MSVCRT:_initsect_.obj
 0002:00000e30       __rtc_taa                  000000018000fe30     MSVCRT:_initsect_.obj
 0002:00000e38       __rtc_tzz                  000000018000fe38     MSVCRT:_initsect_.obj
 0002:00001710       __IMPORT_DESCRIPTOR_sf_runtime 0000000180010710     sf_runtime:sf_runtime.dll
 0002:00001724       __IMPORT_DESCRIPTOR_libmx  0000000180010724     libmx:libmx.dll
 0002:00001738       __IMPORT_DESCRIPTOR_libmex 0000000180010738     libmex:libmex.dll
 0002:0000174c       __IMPORT_DESCRIPTOR_libut  000000018001074c     libut:libut.dll
 0002:00001760       __IMPORT_DESCRIPTOR_KERNEL32 0000000180010760     kernel32:KERNEL32.dll
 0002:00001774       __IMPORT_DESCRIPTOR_VCRUNTIME140 0000000180010774     vcruntime:VCRUNTIME140.dll
 0002:00001788       __IMPORT_DESCRIPTOR_api-ms-win-crt-string-l1-1-0 0000000180010788     ucrt:api-ms-win-crt-string-l1-1-0.dll
 0002:0000179c       __IMPORT_DESCRIPTOR_api-ms-win-crt-stdio-l1-1-0 000000018001079c     ucrt:api-ms-win-crt-stdio-l1-1-0.dll
 0002:000017b0       __IMPORT_DESCRIPTOR_api-ms-win-crt-heap-l1-1-0 00000001800107b0     ucrt:api-ms-win-crt-heap-l1-1-0.dll
 0002:000017c4       __IMPORT_DESCRIPTOR_api-ms-win-crt-runtime-l1-1-0 00000001800107c4     ucrt:api-ms-win-crt-runtime-l1-1-0.dll
 0002:000017d8       __NULL_IMPORT_DESCRIPTOR   00000001800107d8     sf_runtime:sf_runtime.dll
 0003:00001690       DYNAMIC_DIMENSION          0000000180013690     Image_sfun_registry.obj
 0003:000016b0       __security_cookie          00000001800136b0     MSVCRT:gs_cookie.obj
 0003:000016b8       __security_cookie_complement 00000001800136b8     MSVCRT:gs_cookie.obj
 0003:000016c0       _fltused                   00000001800136c0     MSVCRT:dllsupp.obj
 0003:000016c4       __scrt_native_dllmain_reason 00000001800136c4     MSVCRT:utility.obj
 0003:000016c8       __isa_available            00000001800136c8     MSVCRT:_cpu_disp_.obj
 0003:000016cc       __isa_enabled              00000001800136cc     MSVCRT:_cpu_disp_.obj
 0003:000016d0       __memcpy_nt_iters          00000001800136d0     MSVCRT:_cpu_disp_.obj
 0003:000016e0       __scrt_ucrt_dll_is_in_use  00000001800136e0     MSVCRT:ucrt_stubs.obj
 0003:00001710       sfGlobalDebugInstanceStruct 0000000180013710     Image_sfun_registry.obj
 0003:00001d68       __scrt_current_native_startup_state 0000000180013d68     MSVCRT:utility.obj
 0003:00001d70       __scrt_native_startup_lock 0000000180013d70     MSVCRT:utility.obj
 0003:00001db0       ?__type_info_root_node@@3U__type_info_node@@A 0000000180013db0     MSVCRT:tncleanup.obj
 0003:00001dc0       ?_OptionsStorage@?1??__local_stdio_printf_options@@9@4_KA 0000000180013dc0     MSVCRT:default_local_stdio_options.obj
 0003:00001dc8       ?_OptionsStorage@?1??__local_stdio_scanf_options@@9@4_KA 0000000180013dc8     MSVCRT:default_local_stdio_options.obj
 0003:00001dd0       __scrt_debugger_hook_flag  0000000180013dd0     MSVCRT:utility_desktop.obj
 0003:00001dd4       __favor                    0000000180013dd4     MSVCRT:_cpu_disp_.obj
 0003:00001dd8       ?_OptionsStorage@?1??__local_stdio_printf_options@@9@9 0000000180013dd8     <common>
 0003:00001de0       _ImageMachineNumber_       0000000180013de0     <common>
 0003:00001de8       __dyn_tls_init_callback    0000000180013de8     <common>

 entry point at        0001:0000c818

 Static symbols

 0000:00000000       .debug$S                   0000000180000000     sf_runtime:sf_runtime.dll
 0000:00000000       .debug$S                   0000000180000000     Image_sfun.exp
 0000:00000000       .debug$S                   0000000180000000     sf_runtime:sf_runtime.dll
 0000:00000000       .debug$S                   0000000180000000     sf_runtime:sf_runtime.dll
 0000:00000000       .debug$S                   0000000180000000     sf_runtime:sf_runtime.dll
 0000:00000000       .debug$S                   0000000180000000     sf_runtime:sf_runtime.dll
 0000:00000000       .debug$S                   0000000180000000     sf_runtime:sf_runtime.dll
 0000:00000000       .debug$S                   0000000180000000     ucrt:api-ms-win-crt-heap-l1-1-0.dll
 0000:00000000       .debug$S                   0000000180000000     ucrt:api-ms-win-crt-heap-l1-1-0.dll
 0000:00000000       .debug$S                   0000000180000000     ucrt:api-ms-win-crt-runtime-l1-1-0.dll
 0000:00000000       .debug$S                   0000000180000000     ucrt:api-ms-win-crt-runtime-l1-1-0.dll
 0000:00000000       .debug$S                   0000000180000000     ucrt:api-ms-win-crt-runtime-l1-1-0.dll
 0000:00000000       .debug$S                   0000000180000000     ucrt:api-ms-win-crt-runtime-l1-1-0.dll
 0000:00000000       .debug$S                   0000000180000000     ucrt:api-ms-win-crt-runtime-l1-1-0.dll
 0000:00000000       .debug$S                   0000000180000000     ucrt:api-ms-win-crt-runtime-l1-1-0.dll
 0000:00000000       .debug$S                   0000000180000000     ucrt:api-ms-win-crt-runtime-l1-1-0.dll
 0000:00000000       .debug$S                   0000000180000000     ucrt:api-ms-win-crt-runtime-l1-1-0.dll
 0000:00000000       .debug$S                   0000000180000000     ucrt:api-ms-win-crt-runtime-l1-1-0.dll
 0000:00000000       .debug$S                   0000000180000000     ucrt:api-ms-win-crt-runtime-l1-1-0.dll
 0000:00000000       .debug$S                   0000000180000000     ucrt:api-ms-win-crt-runtime-l1-1-0.dll
 0000:00000000       .debug$S                   0000000180000000     ucrt:api-ms-win-crt-runtime-l1-1-0.dll
 0000:00000000       .debug$S                   0000000180000000     sf_runtime:sf_runtime.dll
 0000:00000000       .debug$S                   0000000180000000     ucrt:api-ms-win-crt-stdio-l1-1-0.dll
 0000:00000000       .debug$S                   0000000180000000     sf_runtime:sf_runtime.dll
 0000:00000000       .debug$S                   0000000180000000     ucrt:api-ms-win-crt-string-l1-1-0.dll
 0000:00000000       .debug$S                   0000000180000000     ucrt:api-ms-win-crt-string-l1-1-0.dll
 0000:00000000       .debug$S                   0000000180000000     ucrt:api-ms-win-crt-string-l1-1-0.dll
 0000:00000000       .debug$S                   0000000180000000     sf_runtime:sf_runtime.dll
 0000:00000000       .debug$S                   0000000180000000     vcruntime:VCRUNTIME140.dll
 0000:00000000       .debug$S                   0000000180000000     vcruntime:VCRUNTIME140.dll
 0000:00000000       .debug$S                   0000000180000000     vcruntime:VCRUNTIME140.dll
 0000:00000000       .debug$S                   0000000180000000     vcruntime:VCRUNTIME140.dll
 0000:00000000       .debug$S                   0000000180000000     sf_runtime:sf_runtime.dll
 0000:00000000       .debug$S                   0000000180000000     kernel32:KERNEL32.dll
 0000:00000000       .debug$S                   0000000180000000     kernel32:KERNEL32.dll
 0000:00000000       .debug$S                   0000000180000000     kernel32:KERNEL32.dll
 0000:00000000       .debug$S                   0000000180000000     kernel32:KERNEL32.dll
 0000:00000000       .debug$S                   0000000180000000     kernel32:KERNEL32.dll
 0000:00000000       .debug$S                   0000000180000000     kernel32:KERNEL32.dll
 0000:00000000       .debug$S                   0000000180000000     kernel32:KERNEL32.dll
 0000:00000000       .debug$S                   0000000180000000     kernel32:KERNEL32.dll
 0000:00000000       .debug$S                   0000000180000000     kernel32:KERNEL32.dll
 0000:00000000       .debug$S                   0000000180000000     kernel32:KERNEL32.dll
 0000:00000000       .debug$S                   0000000180000000     kernel32:KERNEL32.dll
 0000:00000000       .debug$S                   0000000180000000     kernel32:KERNEL32.dll
 0000:00000000       .debug$S                   0000000180000000     kernel32:KERNEL32.dll
 0000:00000000       .debug$S                   0000000180000000     kernel32:KERNEL32.dll
 0000:00000000       .debug$S                   0000000180000000     kernel32:KERNEL32.dll
 0000:00000000       .debug$S                   0000000180000000     kernel32:KERNEL32.dll
 0000:00000000       .debug$S                   0000000180000000     kernel32:KERNEL32.dll
 0000:00000000       .debug$S                   0000000180000000     sf_runtime:sf_runtime.dll
 0000:00000000       .debug$S                   0000000180000000     sf_runtime:sf_runtime.dll
 0000:00000000       .debug$S                   0000000180000000     sf_runtime:sf_runtime.dll
 0000:00000000       .debug$S                   0000000180000000     sf_runtime:sf_runtime.dll
 0000:00000000       .debug$S                   0000000180000000     sf_runtime:sf_runtime.dll
 0000:00000000       .debug$S                   0000000180000000     sf_runtime:sf_runtime.dll
 0000:00000000       .debug$S                   0000000180000000     sf_runtime:sf_runtime.dll
 0000:00000000       .debug$S                   0000000180000000     sf_runtime:sf_runtime.dll
 0000:00000000       .debug$S                   0000000180000000     sf_runtime:sf_runtime.dll
 0000:00000000       .debug$S                   0000000180000000     sf_runtime:sf_runtime.dll
 0000:00000000       .debug$S                   0000000180000000     sf_runtime:sf_runtime.dll
 0000:00000000       .debug$S                   0000000180000000     sf_runtime:sf_runtime.dll
 0000:00000000       .debug$S                   0000000180000000     sf_runtime:sf_runtime.dll
 0000:00000000       .debug$S                   0000000180000000     sf_runtime:sf_runtime.dll
 0000:00000000       .debug$S                   0000000180000000     sf_runtime:sf_runtime.dll
 0000:00000000       .debug$S                   0000000180000000     sf_runtime:sf_runtime.dll
 0000:00000000       .debug$S                   0000000180000000     sf_runtime:sf_runtime.dll
 0000:00000000       .debug$S                   0000000180000000     sf_runtime:sf_runtime.dll
 0000:00000000       .debug$S                   0000000180000000     sf_runtime:sf_runtime.dll
 0000:00000000       .debug$S                   0000000180000000     sf_runtime:sf_runtime.dll
 0000:00000000       .debug$S                   0000000180000000     sf_runtime:sf_runtime.dll
 0000:00000000       .debug$S                   0000000180000000     sf_runtime:sf_runtime.dll
 0000:00000000       .debug$S                   0000000180000000     sf_runtime:sf_runtime.dll
 0000:00000000       .debug$S                   0000000180000000     sf_runtime:sf_runtime.dll
 0000:00000000       .debug$S                   0000000180000000     sf_runtime:sf_runtime.dll
 0000:00000000       .debug$S                   0000000180000000     sf_runtime:sf_runtime.dll
 0000:00000000       .debug$S                   0000000180000000     sf_runtime:sf_runtime.dll
 0000:00000000       .debug$S                   0000000180000000     sf_runtime:sf_runtime.dll
 0000:00000000       .debug$S                   0000000180000000     sf_runtime:sf_runtime.dll
 0000:00000000       .debug$S                   0000000180000000     sf_runtime:sf_runtime.dll
 0000:00000000       .debug$S                   0000000180000000     sf_runtime:sf_runtime.dll
 0000:00000000       .debug$S                   0000000180000000     sf_runtime:sf_runtime.dll
 0000:00000000       .debug$S                   0000000180000000     sf_runtime:sf_runtime.dll
 0000:00000000       .debug$S                   0000000180000000     sf_runtime:sf_runtime.dll
 0000:00000000       .debug$S                   0000000180000000     sf_runtime:sf_runtime.dll
 0000:00000000       .debug$S                   0000000180000000     sf_runtime:sf_runtime.dll
 0000:00000000       .debug$S                   0000000180000000     sf_runtime:sf_runtime.dll
 0000:00000000       .debug$S                   0000000180000000     sf_runtime:sf_runtime.dll
 0000:00000000       .debug$S                   0000000180000000     sf_runtime:sf_runtime.dll
 0000:00000000       .debug$S                   0000000180000000     sf_runtime:sf_runtime.dll
 0000:00000000       .debug$S                   0000000180000000     sf_runtime:sf_runtime.dll
 0000:00000000       .debug$S                   0000000180000000     sf_runtime:sf_runtime.dll
 0000:00000000       .debug$S                   0000000180000000     sf_runtime:sf_runtime.dll
 0000:00000000       .debug$S                   0000000180000000     sf_runtime:sf_runtime.dll
 0000:00000000       .debug$S                   0000000180000000     sf_runtime:sf_runtime.dll
 0000:00000000       .debug$S                   0000000180000000     sf_runtime:sf_runtime.dll
 0000:00000000       .debug$S                   0000000180000000     sf_runtime:sf_runtime.dll
 0000:00000000       .debug$S                   0000000180000000     sf_runtime:sf_runtime.dll
 0000:00000000       .debug$S                   0000000180000000     sf_runtime:sf_runtime.dll
 0000:00000000       .debug$S                   0000000180000000     sf_runtime:sf_runtime.dll
 0000:00000000       .debug$S                   0000000180000000     sf_runtime:sf_runtime.dll
 0000:00000000       .debug$S                   0000000180000000     sf_runtime:sf_runtime.dll
 0000:00000000       .debug$S                   0000000180000000     sf_runtime:sf_runtime.dll
 0000:00000000       .debug$S                   0000000180000000     sf_runtime:sf_runtime.dll
 0000:00000000       .debug$S                   0000000180000000     sf_runtime:sf_runtime.dll
 0000:00000000       .debug$S                   0000000180000000     sf_runtime:sf_runtime.dll
 0000:00000000       .debug$S                   0000000180000000     sf_runtime:sf_runtime.dll
 0000:00000000       .debug$S                   0000000180000000     sf_runtime:sf_runtime.dll
 0000:00000000       .debug$S                   0000000180000000     sf_runtime:sf_runtime.dll
 0000:00000000       .debug$S                   0000000180000000     libmx:libmx.dll
 0000:00000000       .debug$S                   0000000180000000     libmx:libmx.dll
 0000:00000000       .debug$S                   0000000180000000     libmx:libmx.dll
 0000:00000000       .debug$S                   0000000180000000     libmx:libmx.dll
 0000:00000000       .debug$S                   0000000180000000     libmx:libmx.dll
 0000:00000000       .debug$S                   0000000180000000     libmx:libmx.dll
 0000:00000000       .debug$S                   0000000180000000     libmx:libmx.dll
 0000:00000000       .debug$S                   0000000180000000     libmx:libmx.dll
 0000:00000000       .debug$S                   0000000180000000     libmx:libmx.dll
 0000:00000000       .debug$S                   0000000180000000     libmx:libmx.dll
 0000:00000000       .debug$S                   0000000180000000     libmx:libmx.dll
 0000:00000000       .debug$S                   0000000180000000     libmx:libmx.dll
 0000:00000000       .debug$S                   0000000180000000     libmx:libmx.dll
 0000:00000000       .debug$S                   0000000180000000     libmx:libmx.dll
 0000:00000000       .debug$S                   0000000180000000     libmx:libmx.dll
 0000:00000000       .debug$S                   0000000180000000     libmx:libmx.dll
 0000:00000000       .debug$S                   0000000180000000     libmx:libmx.dll
 0000:00000000       .debug$S                   0000000180000000     libmx:libmx.dll
 0000:00000000       .debug$S                   0000000180000000     libmx:libmx.dll
 0000:00000000       .debug$S                   0000000180000000     libmx:libmx.dll
 0000:00000000       .debug$S                   0000000180000000     libmex:libmex.dll
 0000:00000000       .debug$S                   0000000180000000     libmex:libmex.dll
 0000:00000000       .debug$S                   0000000180000000     libmex:libmex.dll
 0000:00000000       .debug$S                   0000000180000000     libmex:libmex.dll
 0000:00000000       .debug$S                   0000000180000000     libmex:libmex.dll
 0000:00000000       .debug$S                   0000000180000000     libmex:libmex.dll
 0000:00000000       .debug$S                   0000000180000000     libmex:libmex.dll
 0000:00000000       .debug$S                   0000000180000000     libut:libut.dll
 0000:00000000       .debug$S                   0000000180000000     libut:libut.dll
 0001:00001220       chart_debug_initialization 0000000180002220 f   c2_Image.obj
 0001:00001920       chart_debug_initialize_data_addresses 0000000180002920 f   c2_Image.obj
 0001:00001a20       initialize_c2_Image        0000000180002a20 f   c2_Image.obj
 0001:00001a90       initialize_params_c2_Image 0000000180002a90 f   c2_Image.obj
 0001:00001aa0       enable_c2_Image            0000000180002aa0 f   c2_Image.obj
 0001:00001ad0       disable_c2_Image           0000000180002ad0 f   c2_Image.obj
 0001:00001b00       c2_update_debugger_state_c2_Image 0000000180002b00 f   c2_Image.obj
 0001:00001b10       get_sim_state_c2_Image     0000000180002b10 f   c2_Image.obj
 0001:00001ca0       set_sim_state_c2_Image     0000000180002ca0 f   c2_Image.obj
 0001:00001dc0       finalize_c2_Image          0000000180002dc0 f   c2_Image.obj
 0001:00001dd0       sf_gateway_c2_Image        0000000180002dd0 f   c2_Image.obj
 0001:000026a0       mdl_start_c2_Image         00000001800036a0 f   c2_Image.obj
 0001:000026b0       initSimStructsc2_Image     00000001800036b0 f   c2_Image.obj
 0001:000026c0       init_script_number_translation 00000001800036c0 f   c2_Image.obj
 0001:000026e0       c2_sf_marshallOut          00000001800036e0 f   c2_Image.obj
 0001:00002880       c2_emlrt_marshallIn        0000000180003880 f   c2_Image.obj
 0001:000028f0       c2_b_emlrt_marshallIn      00000001800038f0 f   c2_Image.obj
 0001:000029f0       c2_sf_marshallIn           00000001800039f0 f   c2_Image.obj
 0001:00002b80       c2_b_sf_marshallOut        0000000180003b80 f   c2_Image.obj
 0001:00002c30       c2_c_emlrt_marshallIn      0000000180003c30 f   c2_Image.obj
 0001:00002cc0       c2_b_sf_marshallIn         0000000180003cc0 f   c2_Image.obj
 0001:00002d70       c2_c_sf_marshallOut        0000000180003d70 f   c2_Image.obj
 0001:00002e90       c2_d_emlrt_marshallIn      0000000180003e90 f   c2_Image.obj
 0001:00002f90       c2_c_sf_marshallIn         0000000180003f90 f   c2_Image.obj
 0001:00003090       c2_f_emlrt_marshallIn      0000000180004090 f   c2_Image.obj
 0001:00003100       c2_g_emlrt_marshallIn      0000000180004100 f   c2_Image.obj
 0001:00003190       init_dsm_address_info      0000000180004190 f   c2_Image.obj
 0001:000031a0       init_simulink_io_address   00000001800041a0 f   c2_Image.obj
 0001:000039b0       sf_get_sim_state_info_c2_Image 00000001800049b0 f   c2_Image.obj
 0001:00003a80       sf_get_instance_specialization 0000000180004a80 f   c2_Image.obj
 0001:00003a90       sf_opaque_initialize_c2_Image 0000000180004a90 f   c2_Image.obj
 0001:00003ad0       sf_opaque_enable_c2_Image  0000000180004ad0 f   c2_Image.obj
 0001:00003af0       sf_opaque_disable_c2_Image 0000000180004af0 f   c2_Image.obj
 0001:00003b10       sf_opaque_gateway_c2_Image 0000000180004b10 f   c2_Image.obj
 0001:00003b30       sf_opaque_get_sim_state_c2_Image 0000000180004b30 f   c2_Image.obj
 0001:00003b60       sf_opaque_set_sim_state_c2_Image 0000000180004b60 f   c2_Image.obj
 0001:00003b90       sf_opaque_terminate_c2_Image 0000000180004b90 f   c2_Image.obj
 0001:00003c30       mdlProcessParameters_c2_Image 0000000180004c30 f   c2_Image.obj
 0001:00003cf0       mdlSetWorkWidths_c2_Image  0000000180004cf0 f   c2_Image.obj
 0001:000042f0       mdlRTW_c2_Image            00000001800052f0 f   c2_Image.obj
 0001:00004330       mdlStart_c2_Image          0000000180005330 f   c2_Image.obj
 0001:00005878       $LN120                     0000000180006878     Image_sfun_registry.obj
 0001:000075f4       $LN17                      00000001800085f4     Image_sfun_registry.obj
 0001:00007b7c       $LN26                      0000000180008b7c     Image_sfun_registry.obj
 0001:00008264       $LN23                      0000000180009264     Image_sfun_registry.obj
 0001:00008834       $LN26                      0000000180009834     Image_sfun_registry.obj
 0001:0000a400       sf_debug_api_wrapper       000000018000b400 f   Image_sfun_registry.obj
 0001:0000a450       ProcessMexSfunctionCmdLineCall 000000018000b450 f   Image_sfun_registry.obj
 0001:0000a7c0       mdlSetWorkWidths           000000018000b7c0 f   Image_sfun_registry.obj
 0001:0000a7f0       mdlProcessParameters       000000018000b7f0 f   Image_sfun_registry.obj
 0001:0000a820       mdl_start_processing       000000018000b820 f   Image_sfun_registry.obj
 0001:0000a8d0       mdl_terminate_processing   000000018000b8d0 f   Image_sfun_registry.obj
 0001:0000a950       mdlStart                   000000018000b950 f   Image_sfun_registry.obj
 0001:0000a980       mdlTerminate               000000018000b980 f   Image_sfun_registry.obj
 0001:0000a9b0       mdlInitializeSizes         000000018000b9b0 f   Image_sfun_registry.obj
 0001:0000a9e0       mdlInitializeSampleTimes   000000018000b9e0 f   Image_sfun_registry.obj
 0001:0000aa10       mdl_outputs_continuous_legacy 000000018000ba10 f   Image_sfun_registry.obj
 0001:0000ab10       mdl_outputs_processing     000000018000bb10 f   Image_sfun_registry.obj
 0001:0000ac30       mdl_zeroCrossings_processing 000000018000bc30 f   Image_sfun_registry.obj
 0001:0000ac70       mdlZeroCrossings           000000018000bc70 f   Image_sfun_registry.obj
 0001:0000aca0       mdl_derivatives_processing 000000018000bca0 f   Image_sfun_registry.obj
 0001:0000acf0       mdlDerivatives             000000018000bcf0 f   Image_sfun_registry.obj
 0001:0000ad20       mdl_initialize_conditions_processing 000000018000bd20 f   Image_sfun_registry.obj
 0001:0000ad70       mdlInitializeConditions    000000018000bd70 f   Image_sfun_registry.obj
 0001:0000ada0       mdl_ext_mode_exec_processing 000000018000bda0 f   Image_sfun_registry.obj
 0001:0000ade0       mdlExtModeExec             000000018000bde0 f   Image_sfun_registry.obj
 0001:0000ae10       mdlRTW                     000000018000be10 f   Image_sfun_registry.obj
 0001:0000ae50       mdl_enable_processing      000000018000be50 f   Image_sfun_registry.obj
 0001:0000ae90       mdlEnable                  000000018000be90 f   Image_sfun_registry.obj
 0001:0000aec0       mdl_disable_processing     000000018000bec0 f   Image_sfun_registry.obj
 0001:0000af00       mdlDisable                 000000018000bf00 f   Image_sfun_registry.obj
 0001:0000af30       mdlOutputs                 000000018000bf30 f   Image_sfun_registry.obj
 0001:0000af60       mdl_update_processing      000000018000bf60 f   Image_sfun_registry.obj
 0001:0000afb0       mdlUpdate                  000000018000bfb0 f   Image_sfun_registry.obj
 0001:0000b190       mdlGetTimeOfNextVarHit     000000018000c190 f   Image_sfun_registry.obj
 0001:0000b1e0       _RegNumInputPortsCB        000000018000c1e0 f   Image_sfun_registry.obj
 0001:0000b260       _RegNumOutputPortsCB       000000018000c260 f   Image_sfun_registry.obj
 0001:0000b2e0       _CreateSimStruct           000000018000c2e0 f   Image_sfun_registry.obj
 0001:0000b4c0       _ssFatalError              000000018000c4c0 f   Image_sfun_registry.obj
 0001:0000b590       _ProcessMexSfunctionCmdLineCall 000000018000c590 f   Image_sfun_registry.obj
 0001:0000c324       capture_current_context    000000018000d324 f   MSVCRT:gs_report.obj
 0001:0000c394       capture_previous_context   000000018000d394 f   MSVCRT:gs_report.obj
 0001:0000c490       $$000000                   000000018000d490     MSVCRT:_amdsecgs_.obj
 0001:0000c4c4       ?dllmain_crt_dispatch@@YAHQEAUHINSTANCE__@@KQEAX@Z 000000018000d4c4 f   MSVCRT:dll_dllmain.obj
 0001:0000c514       ?dllmain_crt_process_attach@@YAHQEAUHINSTANCE__@@QEAX@Z 000000018000d514 f   MSVCRT:dll_dllmain.obj
 0001:0000c640       ?dllmain_crt_process_detach@@YAH_N@Z 000000018000d640 f   MSVCRT:dll_dllmain.obj
 0001:0000c6c4       ?dllmain_dispatch@@YAHQEAUHINSTANCE__@@KQEAX@Z 000000018000d6c4 f   MSVCRT:dll_dllmain.obj
 0001:0000c7bc       ?dllmain_raw@@YAHQEAUHINSTANCE__@@KQEAX@Z 000000018000d7bc f   MSVCRT:dll_dllmain.obj
 0001:0000c8b0       ?find_pe_section@@YAPEAU_IMAGE_SECTION_HEADER@@QEAE_K@Z 000000018000d8b0 f   MSVCRT:utility.obj
 0001:0000c8fc       ?is_potentially_valid_image_base@@YA_NQEAX@Z 000000018000d8fc f   MSVCRT:utility.obj
 0001:0000d440       $$000000                   000000018000e440     MSVCRT:_guard_dispatch_.obj
 0001:0000d452       ?fin$0@?0??dllmain_crt_process_attach@@YAHQEAUHINSTANCE__@@QEAX@Z@4HA 000000018000e452 f   MSVCRT:dll_dllmain.obj
 0001:0000d469       ?fin$0@?0??dllmain_crt_process_detach@@YAH_N@Z@4HA 000000018000e469 f   MSVCRT:dll_dllmain.obj
 0001:0000d485       ?filt$0@?0??dllmain_dispatch@@YAHQEAUHINSTANCE__@@KQEAX@Z@4HA 000000018000e485 f   MSVCRT:dll_dllmain.obj
 0001:0000d4bb       __scrt_is_nonwritable_in_current_image$filt$0 000000018000e4bb f   MSVCRT:utility.obj
 0002:00000b28       GS_ExceptionPointers       000000018000fb28     MSVCRT:gs_report.obj
 0002:00000e40       $unwind$load_Image_optimization_info 000000018000fe40     Image_sfun.obj
 0002:00000e48       $unwind$unload_Image_optimization_info 000000018000fe48     Image_sfun.obj
 0002:00000e50       $unwind$sf_Image_method_dispatcher 000000018000fe50     Image_sfun.obj
 0002:00000e58       $unwind$sf_Image_process_check_sum_call 000000018000fe58     Image_sfun.obj
 0002:00000e68       $unwind$sf_Image_autoinheritance_info 000000018000fe68     Image_sfun.obj
 0002:00000e78       $unwind$sf_Image_get_eml_resolved_functions_info 000000018000fe78     Image_sfun.obj
 0002:00000e88       $unwind$sf_Image_third_party_uses_info 000000018000fe88     Image_sfun.obj
 0002:00000e98       $unwind$sf_Image_jit_fallback_info 000000018000fe98     Image_sfun.obj
 0002:00000ea8       $unwind$sf_Image_updateBuildInfo_args_info 000000018000fea8     Image_sfun.obj
 0002:00000eb8       $unwind$Image_debug_initialize 000000018000feb8     Image_sfun.obj
 0002:00000ec0       $unwind$sf_c2_Image_get_eml_resolved_functions_info 000000018000fec0     c2_Image.obj
 0002:00000ec8       $unwind$sf_c2_Image_get_check_sum 000000018000fec8     c2_Image.obj
 0002:00000ed0       $unwind$c2_Image_method_dispatcher 000000018000fed0     c2_Image.obj
 0002:00000ed8       $unwind$chart_debug_initialization 000000018000fed8     c2_Image.obj
 0002:00000ee8       $unwind$chart_debug_initialize_data_addresses 000000018000fee8     c2_Image.obj
 0002:00000ef0       $unwind$initialize_c2_Image 000000018000fef0     c2_Image.obj
 0002:00000ef8       $unwind$enable_c2_Image    000000018000fef8     c2_Image.obj
 0002:00000f00       $unwind$disable_c2_Image   000000018000ff00     c2_Image.obj
 0002:00000f08       $unwind$get_sim_state_c2_Image 000000018000ff08     c2_Image.obj
 0002:00000f10       $unwind$set_sim_state_c2_Image 000000018000ff10     c2_Image.obj
 0002:00000f18       $unwind$sf_gateway_c2_Image 000000018000ff18     c2_Image.obj
 0002:00000f28       $unwind$c2_sf_marshallOut  000000018000ff28     c2_Image.obj
 0002:00000f30       $unwind$c2_emlrt_marshallIn 000000018000ff30     c2_Image.obj
 0002:00000f38       $unwind$c2_b_emlrt_marshallIn 000000018000ff38     c2_Image.obj
 0002:00000f40       $unwind$c2_sf_marshallIn   000000018000ff40     c2_Image.obj
 0002:00000f48       $unwind$c2_b_sf_marshallOut 000000018000ff48     c2_Image.obj
 0002:00000f50       $unwind$c2_c_emlrt_marshallIn 000000018000ff50     c2_Image.obj
 0002:00000f58       $unwind$c2_b_sf_marshallIn 000000018000ff58     c2_Image.obj
 0002:00000f60       $unwind$c2_c_sf_marshallOut 000000018000ff60     c2_Image.obj
 0002:00000f70       $unwind$c2_d_emlrt_marshallIn 000000018000ff70     c2_Image.obj
 0002:00000f80       $unwind$c2_c_sf_marshallIn 000000018000ff80     c2_Image.obj
 0002:00000f90       $unwind$c2_f_emlrt_marshallIn 000000018000ff90     c2_Image.obj
 0002:00000f98       $unwind$c2_g_emlrt_marshallIn 000000018000ff98     c2_Image.obj
 0002:00000fa0       $unwind$init_simulink_io_address 000000018000ffa0     c2_Image.obj
 0002:00000fa8       $unwind$sf_c2_Image_get_post_codegen_info 000000018000ffa8     c2_Image.obj
 0002:00000fb0       $unwind$sf_c2_Image_get_autoinheritance_info 000000018000ffb0     c2_Image.obj
 0002:00000fc0       $unwind$sf_c2_Image_third_party_uses_info 000000018000ffc0     c2_Image.obj
 0002:00000fc8       $unwind$sf_c2_Image_jit_fallback_info 000000018000ffc8     c2_Image.obj
 0002:00000fd8       $unwind$sf_c2_Image_updateBuildInfo_args_info 000000018000ffd8     c2_Image.obj
 0002:00000fe0       $unwind$sf_get_sim_state_info_c2_Image 000000018000ffe0     c2_Image.obj
 0002:00000fe8       $unwind$sf_opaque_initialize_c2_Image 000000018000ffe8     c2_Image.obj
[...]
 0004:000000b4       $pdata$initialize_c2_Image 00000001800140b4     c2_Image.obj
 0004:000000c0       $pdata$enable_c2_Image     00000001800140c0     c2_Image.obj
 0004:000000cc       $pdata$disable_c2_Image    00000001800140cc     c2_Image.obj
 0004:000000d8       $pdata$get_sim_state_c2_Image 00000001800140d8     c2_Image.obj
 0004:000000e4       $pdata$set_sim_state_c2_Image 00000001800140e4     c2_Image.obj
 0004:000000f0       $pdata$sf_gateway_c2_Image 00000001800140f0     c2_Image.obj
 0004:000000fc       $pdata$c2_sf_marshallOut   00000001800140fc     c2_Image.obj
 0004:00000108       $pdata$c2_emlrt_marshallIn 0000000180014108     c2_Image.obj
 0004:00000114       $pdata$c2_b_emlrt_marshallIn 0000000180014114     c2_Image.obj
 0004:00000120       $pdata$c2_sf_marshallIn    0000000180014120     c2_Image.obj
 0004:0000012c       $pdata$c2_b_sf_marshallOut 000000018001412c     c2_Image.obj
 0004:00000138       $pdata$c2_c_emlrt_marshallIn 0000000180014138     c2_Image.obj
 0004:00000144       $pdata$c2_b_sf_marshallIn  0000000180014144     c2_Image.obj
 0004:00000150       $pdata$c2_c_sf_marshallOut 0000000180014150     c2_Image.obj
 0004:0000015c       $pdata$c2_d_emlrt_marshallIn 000000018001415c     c2_Image.obj
 0004:00000168       $pdata$c2_c_sf_marshallIn  0000000180014168     c2_Image.obj
 0004:00000174       $pdata$c2_f_emlrt_marshallIn 0000000180014174     c2_Image.obj
 0004:00000180       $pdata$c2_g_emlrt_marshallIn 0000000180014180     c2_Image.obj
 0004:0000018c       $pdata$init_simulink_io_address 000000018001418c     c2_Image.obj
 0004:00000198       $pdata$sf_c2_Image_get_post_codegen_info 0000000180014198     c2_Image.obj
 0004:000001a4       $pdata$sf_c2_Image_get_autoinheritance_info 00000001800141a4     c2_Image.obj
 0004:000001b0       $pdata$sf_c2_Image_third_party_uses_info 00000001800141b0     c2_Image.obj
 0004:000001bc       $pdata$sf_c2_Image_jit_fallback_info 00000001800141bc     c2_Image.obj
 0004:000001c8       $pdata$sf_c2_Image_updateBuildInfo_args_info 00000001800141c8     c2_Image.obj
 0004:000001d4       $pdata$sf_get_sim_state_info_c2_Image 00000001800141d4     c2_Image.obj
 0004:000001e0       $pdata$sf_opaque_initialize_c2_Image 00000001800141e0     c2_Image.obj
 0004:000001ec       $pdata$sf_opaque_enable_c2_Image 00000001800141ec     c2_Image.obj
 0004:000001f8       $pdata$sf_opaque_disable_c2_Image 00000001800141f8     c2_Image.obj
 0004:00000204       $pdata$sf_opaque_gateway_c2_Image 0000000180014204     c2_Image.obj
 0004:00000210       $pdata$sf_opaque_get_sim_state_c2_Image 0000000180014210     c2_Image.obj
 0004:0000021c       $pdata$sf_opaque_set_sim_state_c2_Image 000000018001421c     c2_Image.obj
 0004:00000228       $pdata$sf_opaque_terminate_c2_Image 0000000180014228     c2_Image.obj
 0004:00000234       $pdata$mdlProcessParameters_c2_Image 0000000180014234     c2_Image.obj
 0004:00000240       $pdata$mdlSetWorkWidths_c2_Image 0000000180014240     c2_Image.obj
 0004:0000024c       $pdata$mdlRTW_c2_Image     000000018001424c     c2_Image.obj
 0004:00000258       $pdata$mdlStart_c2_Image   0000000180014258     c2_Image.obj
 0004:00000264       $pdata$mexFunction         0000000180014264     Image_sfun_registry.obj
 0004:00000270       $pdata$_ssSetInputPortDirectFeedThroughFcn 0000000180014270     Image_sfun_registry.obj
 0004:0000027c       $pdata$_ssGetInputPortSignalPtrsFcn 000000018001427c     Image_sfun_registry.obj
 0004:00000288       $pdata$_ssGetInputPortSignalFcn 0000000180014288     Image_sfun_registry.obj
 0004:00000294       $pdata$_ssSetInputPortReusableFcn 0000000180014294     Image_sfun_registry.obj
 0004:000002a0       $pdata$_ssSetOutputPortReusableFcn 00000001800142a0     Image_sfun_registry.obj
 0004:000002ac       $pdata$_ssSetSymbolicDimsSupport 00000001800142ac     Image_sfun_registry.obj
 0004:000002b8       $pdata$_ssRegisterSymbolicDimsExpr 00000001800142b8     Image_sfun_registry.obj
 0004:000002c4       $pdata$_ssRegisterSymbolicDims 00000001800142c4     Image_sfun_registry.obj
 0004:000002d0       $pdata$_ssRegisterSymbolicDimsString 00000001800142d0     Image_sfun_registry.obj
 0004:000002dc       $pdata$_ssRegisterSymbolicDimsIntValue 00000001800142dc     Image_sfun_registry.obj
 0004:000002e8       $pdata$_ssRegisterSymbolicDimsPlus 00000001800142e8     Image_sfun_registry.obj
 0004:000002f4       $pdata$_ssRegisterSymbolicDimsMinus 00000001800142f4     Image_sfun_registry.obj
 0004:00000300       $pdata$_ssRegisterSymbolicDimsMultiply 0000000180014300     Image_sfun_registry.obj
 0004:0000030c       $pdata$_ssRegisterSymbolicDimsDivide 000000018001430c     Image_sfun_registry.obj
 0004:00000318       $pdata$_ssGetNumSymbolicDims 0000000180014318     Image_sfun_registry.obj
 0004:00000324       $pdata$_ssGetSymbolicDim   0000000180014324     Image_sfun_registry.obj
 0004:00000330       $pdata$_ssSetInputPortSymbolicDimsId 0000000180014330     Image_sfun_registry.obj
 0004:0000033c       $pdata$_ssGetCompInputPortSymbolicDimsId 000000018001433c     Image_sfun_registry.obj
 0004:00000348       $pdata$_ssSetCompInputPortSymbolicDimsId 0000000180014348     Image_sfun_registry.obj
 0004:00000354       $pdata$_ssSetOutputPortSymbolicDimsId 0000000180014354     Image_sfun_registry.obj
 0004:00000360       $pdata$_ssGetCompOutputPortSymbolicDimsId 0000000180014360     Image_sfun_registry.obj
 0004:0000036c       $pdata$_ssSetCompOutputPortSymbolicDimsId 000000018001436c     Image_sfun_registry.obj
 0004:00000378       $pdata$_ssSetCompDWorkSymbolicDimsId 0000000180014378     Image_sfun_registry.obj
 0004:00000384       $pdata$ssGetIsZeroCrossControlDisabled 0000000180014384     Image_sfun_registry.obj
 0004:00000390       $pdata$ssSetIsInputPortUsedForContZcSignal 0000000180014390     Image_sfun_registry.obj
 0004:0000039c       $pdata$ssSetZcSignalIsZcElementDisc 000000018001439c     Image_sfun_registry.obj
 0004:000003a8       $pdata$ssSetZcSignalName   00000001800143a8     Image_sfun_registry.obj
 0004:000003b4       $pdata$ssSetZcSignalWidth  00000001800143b4     Image_sfun_registry.obj
 0004:000003c0       $pdata$ssSetZcSignalZcEventType 00000001800143c0     Image_sfun_registry.obj
 0004:000003cc       $pdata$ssSetZcSignalType   00000001800143cc     Image_sfun_registry.obj
 0004:000003d8       $pdata$ssSetZcSignalZcTol  00000001800143d8     Image_sfun_registry.obj
 0004:000003e4       $pdata$ssSetZcSignalNeedsEventNotification 00000001800143e4     Image_sfun_registry.obj
 0004:000003f0       $pdata$ssCreateAndAddZcSignalInfo 00000001800143f0     Image_sfun_registry.obj
 0004:000003fc       $pdata$ssCloneAndAddZcSignalInfo 00000001800143fc     Image_sfun_registry.obj
 0004:00000408       $pdata$ssGetNumZcSignals   0000000180014408     Image_sfun_registry.obj
 0004:00000414       $pdata$ssGetZcSignalVector 0000000180014414     Image_sfun_registry.obj
 0004:00000420       $pdata$ssGetZcSignalName   0000000180014420     Image_sfun_registry.obj
 0004:0000042c       $pdata$ssGetZcSignalWidth  000000018001442c     Image_sfun_registry.obj
 0004:00000438       $pdata$ssGetZcSignalZcEventType 0000000180014438     Image_sfun_registry.obj
 0004:00000444       $pdata$ssGetZcSignalZcEvents 0000000180014444     Image_sfun_registry.obj
 0004:00000450       $pdata$ssGetZcSignalType   0000000180014450     Image_sfun_registry.obj
 0004:0000045c       $pdata$ssGetZcSignalZcTol  000000018001445c     Image_sfun_registry.obj
 0004:00000468       $pdata$ssGetZcSignalNeedsEventNotification 0000000180014468     Image_sfun_registry.obj
 0004:00000474       $pdata$ssGetZcSignalIsZcElementDisc 0000000180014474     Image_sfun_registry.obj
 0004:00000480       $pdata$ssGetIsInputPortElementContinuous 0000000180014480     Image_sfun_registry.obj
 0004:0000048c       $pdata$ssGetDTypeIdFromMxArray 000000018001448c     Image_sfun_registry.obj
 0004:00000498       $pdata$ssWriteRTWStr       0000000180014498     Image_sfun_registry.obj
 0004:000004a4       $pdata$ssWriteRTWNameValuePair 00000001800144a4     Image_sfun_registry.obj
 0004:000004b0       $pdata$ssWriteRTWParamSettings 00000001800144b0     Image_sfun_registry.obj
 0004:000004bc       $pdata$ssWriteRTWParameters 00000001800144bc     Image_sfun_registry.obj
 0004:000004c8       $pdata$ssWriteRTWWorkVect  00000001800144c8     Image_sfun_registry.obj
 0004:000004d4       $pdata$ssWriteRTWMxVectParam 00000001800144d4     Image_sfun_registry.obj
 0004:000004e0       $pdata$ssWriteRTWMx2dMatParam 00000001800144e0     Image_sfun_registry.obj
 0004:000004ec       $pdata$_ssSetInputPortMatrixDimensions 00000001800144ec     Image_sfun_registry.obj
 0004:000004f8       $pdata$_ssSetOutputPortMatrixDimensions 00000001800144f8     Image_sfun_registry.obj
 0004:00000504       $pdata$_ssSetInputPortVectorDimension 0000000180014504     Image_sfun_registry.obj
 0004:00000510       $pdata$_ssSetOutputPortVectorDimension 0000000180014510     Image_sfun_registry.obj
 0004:0000051c       $pdata$ssIsRunTimeParamTunable 000000018001451c     Image_sfun_registry.obj
 0004:00000528       $pdata$ssGetSFuncBlockHandle 0000000180014528     Image_sfun_registry.obj
 0004:00000534       $pdata$_ssGetCurrentInputPortWidth 0000000180014534     Image_sfun_registry.obj
 0004:00000540       $pdata$_ssGetCurrentOutputPortWidth 0000000180014540     Image_sfun_registry.obj
 0004:0000054c       $pdata$_ssGetCallSystemNumFcnCallDestinations 000000018001454c     Image_sfun_registry.obj
 0004:00000558       $pdata$ssGetParameterTuningCompliance 0000000180014558     Image_sfun_registry.obj
 0004:00000564       $pdata$ssWarning           0000000180014564     Image_sfun_registry.obj
 0004:00000570       $pdata$_ssGetAbsTol        0000000180014570     Image_sfun_registry.obj
 0004:0000057c       $pdata$sf_process_check_sum_call 000000018001457c     Image_sfun_registry.obj
 0004:00000588       $pdata$sf_process_autoinheritance_call 0000000180014588     Image_sfun_registry.obj
 0004:00000594       $pdata$sf_process_get_third_party_uses_info_call 0000000180014594     Image_sfun_registry.obj
 0004:000005a0       $pdata$sf_process_get_jit_fallback_info_call 00000001800145a0     Image_sfun_registry.obj
 0004:000005ac       $pdata$sf_process_get_updateBuildInfo_args_info_call 00000001800145ac     Image_sfun_registry.obj
 0004:000005b8       $pdata$sf_process_get_eml_resolved_functions_info_call 00000001800145b8     Image_sfun_registry.obj
 0004:000005c4       $pdata$sf_mex_unlock_call  00000001800145c4     Image_sfun_registry.obj
 0004:000005d0       $pdata$sf_debug_api_wrapper 00000001800145d0     Image_sfun_registry.obj
 0004:000005dc       $pdata$ProcessMexSfunctionCmdLineCall 00000001800145dc     Image_sfun_registry.obj
 0004:000005e8       $pdata$sf_machine_global_initializer_called 00000001800145e8     Image_sfun_registry.obj
 0004:000005f4       $pdata$sf_machine_global_method_dispatcher 00000001800145f4     Image_sfun_registry.obj
 0004:00000600       $pdata$sf_machine_global_terminator 0000000180014600     Image_sfun_registry.obj
 0004:0000060c       $pdata$sf_register_machine_exported_symbols 000000018001460c     Image_sfun_registry.obj
 0004:00000618       $pdata$sf_machine_global_initializer 0000000180014618     Image_sfun_registry.obj
 0004:00000624       $pdata$mdlGetSimState      0000000180014624     Image_sfun_registry.obj
 0004:00000630       $pdata$mdlSetSimState      0000000180014630     Image_sfun_registry.obj
 0004:0000063c       $pdata$mdlSetWorkWidths    000000018001463c     Image_sfun_registry.obj
 0004:00000648       $pdata$mdlProcessParameters 0000000180014648     Image_sfun_registry.obj
 0004:00000654       $pdata$mdl_start_processing 0000000180014654     Image_sfun_registry.obj
 0004:00000660       $pdata$mdl_terminate_processing 0000000180014660     Image_sfun_registry.obj
 0004:0000066c       $pdata$mdlStart            000000018001466c     Image_sfun_registry.obj
 0004:00000678       $pdata$mdlTerminate        0000000180014678     Image_sfun_registry.obj
 0004:00000684       $pdata$mdlInitializeSizes  0000000180014684     Image_sfun_registry.obj
 0004:00000690       $pdata$mdlInitializeSampleTimes 0000000180014690     Image_sfun_registry.obj
 0004:0000069c       $pdata$mdl_outputs_continuous_legacy 000000018001469c     Image_sfun_registry.obj
 0004:000006a8       $pdata$mdl_outputs_processing 00000001800146a8     Image_sfun_registry.obj
 0004:000006b4       $pdata$mdl_zeroCrossings_processing 00000001800146b4     Image_sfun_registry.obj
 0004:000006c0       $pdata$mdlZeroCrossings    00000001800146c0     Image_sfun_registry.obj
 0004:000006cc       $pdata$mdl_derivatives_processing 00000001800146cc     Image_sfun_registry.obj
 0004:000006d8       $pdata$mdlDerivatives      00000001800146d8     Image_sfun_registry.obj
 0004:000006e4       $pdata$mdl_initialize_conditions_processing 00000001800146e4     Image_sfun_registry.obj
 0004:000006f0       $pdata$mdlInitializeConditions 00000001800146f0     Image_sfun_registry.obj
 0004:000006fc       $pdata$mdl_ext_mode_exec_processing 00000001800146fc     Image_sfun_registry.obj
 0004:00000708       $pdata$mdlExtModeExec      0000000180014708     Image_sfun_registry.obj
 0004:00000714       $pdata$mdlRTW              0000000180014714     Image_sfun_registry.obj
 0004:00000720       $pdata$mdl_enable_processing 0000000180014720     Image_sfun_registry.obj
 0004:0000072c       $pdata$mdlEnable           000000018001472c     Image_sfun_registry.obj
 0004:00000738       $pdata$mdl_disable_processing 0000000180014738     Image_sfun_registry.obj
 0004:00000744       $pdata$mdlDisable          0000000180014744     Image_sfun_registry.obj
 0004:00000750       $pdata$mdlOutputs          0000000180014750     Image_sfun_registry.obj
 0004:0000075c       $pdata$mdl_update_processing 000000018001475c     Image_sfun_registry.obj
 0004:00000768       $pdata$mdlUpdate           0000000180014768     Image_sfun_registry.obj
 0004:00000774       $pdata$ProcessMexSfunctionEveryCall 0000000180014774     Image_sfun_registry.obj
 0004:00000780       $pdata$_RegNumInputPortsCB 0000000180014780     Image_sfun_registry.obj
 0004:0000078c       $pdata$_RegNumOutputPortsCB 000000018001478c     Image_sfun_registry.obj
 0004:00000798       $pdata$_CreateSimStruct    0000000180014798     Image_sfun_registry.obj
 0004:000007a4       $pdata$_ssFatalError       00000001800147a4     Image_sfun_registry.obj
 0004:000007b0       $pdata$_ProcessMexSfunctionCmdLineCall 00000001800147b0     Image_sfun_registry.obj
 0004:000007bc       $pdata$_vsnprintf_l        00000001800147bc     Image_sfun_registry.obj
 0004:000007c8       $pdata$_vsprintf_l         00000001800147c8     Image_sfun_registry.obj
 0004:000007d4       $pdata$sprintf             00000001800147d4     Image_sfun_registry.obj
 0004:000007e0       $pdata$__raise_securityfailure 00000001800147e0     MSVCRT:gs_report.obj
 0004:000007ec       $pdata$__report_gsfailure  00000001800147ec     MSVCRT:gs_report.obj
 0004:000007f8       $pdata$__report_rangecheckfailure 00000001800147f8     MSVCRT:gs_report.obj
 0004:00000804       $pdata$__report_securityfailure 0000000180014804     MSVCRT:gs_report.obj
 0004:00000810       $pdata$__report_securityfailureEx 0000000180014810     MSVCRT:gs_report.obj
 0004:0000081c       $pdata$capture_current_context 000000018001481c     MSVCRT:gs_report.obj
 0004:00000828       $pdata$capture_previous_context 0000000180014828     MSVCRT:gs_report.obj
 0004:00000834       $pdata$__GSHandlerCheck    0000000180014834     MSVCRT:_gshandler_.obj
 0004:00000840       $pdata$__GSHandlerCheckCommon 0000000180014840     MSVCRT:_gshandler_.obj
 0004:00000858       $pdata$?dllmain_crt_dispatch@@YAHQEAUHINSTANCE__@@KQEAX@Z 0000000180014858     MSVCRT:dll_dllmain.obj
 0004:00000864       $pdata$?dllmain_crt_process_attach@@YAHQEAUHINSTANCE__@@QEAX@Z 0000000180014864     MSVCRT:dll_dllmain.obj
 0004:00000870       $pdata$?dllmain_crt_process_detach@@YAH_N@Z 0000000180014870     MSVCRT:dll_dllmain.obj
 0004:0000087c       $pdata$?dllmain_dispatch@@YAHQEAUHINSTANCE__@@KQEAX@Z 000000018001487c     MSVCRT:dll_dllmain.obj
 0004:00000888       $pdata$?dllmain_raw@@YAHQEAUHINSTANCE__@@KQEAX@Z 0000000180014888     MSVCRT:dll_dllmain.obj
 0004:00000894       $pdata$_DllMainCRTStartup  0000000180014894     MSVCRT:dll_dllmain.obj
 0004:000008a0       $pdata$?configure_argv@__scrt_narrow_argv_policy@@SAHXZ 00000001800148a0     MSVCRT:utility.obj
 0004:000008ac       $pdata$__scrt_acquire_startup_lock 00000001800148ac     MSVCRT:utility.obj
 0004:000008b8       $pdata$__scrt_dllmain_after_initialize_c 00000001800148b8     MSVCRT:utility.obj
 0004:000008c4       $pdata$__scrt_dllmain_before_initialize_c 00000001800148c4     MSVCRT:utility.obj
 0004:000008d0       $pdata$__scrt_dllmain_crt_thread_attach 00000001800148d0     MSVCRT:utility.obj
 0004:000008dc       $pdata$__scrt_dllmain_crt_thread_detach 00000001800148dc     MSVCRT:utility.obj
 0004:000008e8       $pdata$__scrt_dllmain_exception_filter 00000001800148e8     MSVCRT:utility.obj
 0004:000008f4       $pdata$__scrt_dllmain_uninitialize_c 00000001800148f4     MSVCRT:utility.obj
 0004:00000900       $pdata$__scrt_dllmain_uninitialize_critical 0000000180014900     MSVCRT:utility.obj
 0004:0000090c       $pdata$__scrt_initialize_crt 000000018001490c     MSVCRT:utility.obj
 0004:00000918       $pdata$__scrt_initialize_onexit_tables 0000000180014918     MSVCRT:utility.obj
 0004:00000924       $pdata$__scrt_is_nonwritable_in_current_image 0000000180014924     MSVCRT:utility.obj
 0004:00000930       $pdata$__scrt_release_startup_lock 0000000180014930     MSVCRT:utility.obj
 0004:0000093c       $pdata$__scrt_uninitialize_crt 000000018001493c     MSVCRT:utility.obj
 0004:00000948       $pdata$_onexit             0000000180014948     MSVCRT:utility.obj
 0004:00000954       $pdata$atexit              0000000180014954     MSVCRT:utility.obj
 0004:00000960       $pdata$__security_init_cookie 0000000180014960     MSVCRT:gs_support.obj
 0004:0000096c       $pdata$DllMain             000000018001496c     MSVCRT:dll_dllmain_stub.obj
 0004:00000978       $pdata$__scrt_initialize_default_local_stdio_options 0000000180014978     MSVCRT:default_local_stdio_options.obj
 0004:00000984       $pdata$__scrt_fastfail     0000000180014984     MSVCRT:utility_desktop.obj
 0004:00000990       $pdata$__scrt_get_show_window_mode 0000000180014990     MSVCRT:utility_desktop.obj
 0004:0000099c       $pdata$__scrt_is_managed_app 000000018001499c     MSVCRT:utility_desktop.obj
 0004:000009a8       $pdata$__scrt_unhandled_exception_filter 00000001800149a8     MSVCRT:utility_desktop.obj
 0004:000009b4       $pdata$_RTC_Initialize     00000001800149b4     MSVCRT:_initsect_.obj
 0004:000009c0       $pdata$_RTC_Terminate      00000001800149c0     MSVCRT:_initsect_.obj
 0004:000009cc       $pdata$__isa_available_init 00000001800149cc     MSVCRT:_cpu_disp_.obj
 0004:000009e4       $pdata$?fin$0@?0??dllmain_crt_process_attach@@YAHQEAUHINSTANCE__@@QEAX@Z@4HA 00000001800149e4     MSVCRT:dll_dllmain.obj
 0004:000009f0       $pdata$?fin$0@?0??dllmain_crt_process_detach@@YAH_N@Z@4HA 00000001800149f0     MSVCRT:dll_dllmain.obj
 0004:000009fc       $pdata$?filt$0@?0??dllmain_dispatch@@YAHQEAUHINSTANCE__@@KQEAX@Z@4HA 00000001800149fc     MSVCRT:dll_dllmain.obj
 0004:00000a08       $pdata$__scrt_is_nonwritable_in_current_image$filt$0 0000000180014a08     MSVCRT:utility.obj
 0005:00000000       __guard_fids_?dllmain_crt_process_attach@@YAHQEAUHINSTANCE__@@QEAX@Z 0000000180015000     MSVCRT:dll_dllmain.obj
 0005:00000008       __guard_fids_?dllmain_dispatch@@YAHQEAUHINSTANCE__@@KQEAX@Z 0000000180015008     MSVCRT:dll_dllmain.obj
 0005:0000000c       __guard_fids___scrt_set_unhandled_exception_filter 000000018001500c     MSVCRT:utility_desktop.obj
 0005:00000010       __guard_fids__             0000000180015010     MSVCRT:guard_support.obj
 0005:00000014       __guard_fids__guard_icall_checks_enforced 0000000180015014     MSVCRT:guard_support.obj
